{
  "timestamp_utc": "2026-05-19T18:49:19.113901+00:00",
  "package_path": "/mnt/data/paper1_poc_xai_revised",
  "manuscript_title": "Bridging the Semantic Gap in Deep Learning: A Transition-Matrix and Rough-Set Rule Induction Framework for Explainable AI",
  "presence": {
    "manuscript.tex": true,
    "references.bib": true,
    "manuscript.pdf": true,
    "manuscript.bbl": true,
    "Definitions": true,
    "figs": true,
    "tables": true,
    "scripts": true,
    "artifacts": true,
    "audit": true,
    "source_notes": true,
    "README.md": true,
    "revision_report.md": true
  },
  "reference_count": 42,
  "figure_pdf_count": 16,
  "table_tex_count": 19,
  "reviewer_response_status_counts": {
    "implemented": 27,
    "implemented_with_limitation": 3
  },
  "compile_status": "0 0 0 0",
  "pdf_rendered_pages": 22,
  "checks": {
    "required_files_present": true,
    "reviewer_rows_30": true,
    "no_pending_status": true,
    "references_35_to_50": true,
    "figures_at_least_10": true,
    "tables_at_least_12": true,
    "compile_success": true,
    "pdf_rendered": true,
    "no_paragraph_command": true
  },
  "quality_gate_score_out_of_100": 96,
  "score_rationale": "All remediable implementation tasks were completed. The score is below 100 only because raw CNN logits, full activation stacks for image-level TCAV, object-level semantic labels, and the requested nature-figure skill were not available in the supplied environment.",
  "documented_limitations": [
    "No original CNN logits or fine-tuned end-to-end CNN were supplied; a deterministic base predictor was trained on representation features.",
    "TCAV is performed at the released representation layer because raw activation stacks are not supplied.",
    "AwA2 semantic attributes are class-level rather than object-level.",
    "Nature-figure skill was unavailable locally; equivalent local figure styling was implemented."
  ],
  "key_artifact_hashes": {
    "manuscript.tex": "ce3371504f44a39110ec8176e795c4e9cd45f871de7ac6921af9bad610de6c6c",
    "references.bib": "d576678902975339a5ced7fa5435279437371878c25b6cc12e59f45b59d42c5b",
    "manuscript.pdf": "5fd1ed427e22e1e36623ceb0bb8808d0808c18e93d7f6cbba8cab57cc5934f85",
    "manuscript.bbl": "7d41a26d5a092bf4d6da41864b3fad8d82a1a12557b08a2181b7b4cce89f2841",
    "revision_report.md": "b1ae6330998c8472b0b68b51ca5556b782ba2f53d7facc0d1ac5cd61850b0a9c"
  }
}
