This is pdfTeX, Version 3.141592653-2.6-1.40.26 (TeX Live 2025/dev/Debian) (preloaded format=pdflatex)
 restricted \write18 enabled.
entering extended mode
(./manuscript.tex
LaTeX2e <2024-11-01> patch level 2
L3 programming layer <2025-01-18>
(./Definitions/mdpi.cls
Document Class: Definitions/mdpi 13/03/2026 MDPI paper class
(/usr/share/texlive/texmf-dist/tex/latex/base/article.cls
Document Class: article 2024/06/29 v1.4n Standard LaTeX document class
(/usr/share/texlive/texmf-dist/tex/latex/base/size10.clo))
(/usr/share/texlive/texmf-dist/tex/latex/base/fontenc.sty)
(/usr/share/texlive/texmf-dist/tex/latex/base/inputenc.sty)
(/usr/share/texlive/texmf-dist/tex/latex/tools/calc.sty)
(/usr/share/texlive/texmf-dist/tex/latex/tools/indentfirst.sty)
(/usr/share/texlive/texmf-dist/tex/latex/fancyhdr/fancyhdr.sty)
(/usr/share/texlive/texmf-dist/tex/latex/graphics/graphicx.sty
(/usr/share/texlive/texmf-dist/tex/latex/graphics/keyval.sty)
(/usr/share/texlive/texmf-dist/tex/latex/graphics/graphics.sty
(/usr/share/texlive/texmf-dist/tex/latex/graphics/trig.sty)
(/usr/share/texlive/texmf-dist/tex/latex/graphics-cfg/graphics.cfg)
(/usr/share/texlive/texmf-dist/tex/latex/graphics-def/pdftex.def)))
(/usr/share/texlive/texmf-dist/tex/latex/epstopdf-pkg/epstopdf.sty
(/usr/share/texlive/texmf-dist/tex/generic/infwarerr/infwarerr.sty)
(/usr/share/texlive/texmf-dist/tex/latex/grfext/grfext.sty
(/usr/share/texlive/texmf-dist/tex/generic/kvdefinekeys/kvdefinekeys.sty))
(/usr/share/texlive/texmf-dist/tex/latex/kvoptions/kvoptions.sty
(/usr/share/texlive/texmf-dist/tex/generic/ltxcmds/ltxcmds.sty)
(/usr/share/texlive/texmf-dist/tex/latex/kvsetkeys/kvsetkeys.sty))
(/usr/share/texlive/texmf-dist/tex/generic/pdftexcmds/pdftexcmds.sty
(/usr/share/texlive/texmf-dist/tex/generic/iftex/iftex.sty))
(/usr/share/texlive/texmf-dist/tex/latex/epstopdf-pkg/epstopdf-base.sty
(/usr/share/texlive/texmf-dist/tex/latex/latexconfig/epstopdf-sys.cfg)))
(/usr/share/texlive/texmf-dist/tex/latex/lastpage/lastpage.sty
(/usr/share/texlive/texmf-dist/tex/latex/lastpage/lastpage2e.sty
(/usr/share/texlive/texmf-dist/tex/latex/lastpage/lastpagemodern.sty) 
)) (/usr/share/texlive/texmf-dist/tex/latex/base/ifthen.sty)
(/usr/share/texlive/texmf-dist/tex/latex/float/float.sty)
(/usr/share/texlive/texmf-dist/tex/latex/amsmath/amsmath.sty
For additional information on amsmath, use the `?' option.
(/usr/share/texlive/texmf-dist/tex/latex/amsmath/amstext.sty
(/usr/share/texlive/texmf-dist/tex/latex/amsmath/amsgen.sty))
(/usr/share/texlive/texmf-dist/tex/latex/amsmath/amsbsy.sty)
(/usr/share/texlive/texmf-dist/tex/latex/amsmath/amsopn.sty))
(/usr/share/texlive/texmf-dist/tex/latex/amsfonts/amssymb.sty
(/usr/share/texlive/texmf-dist/tex/latex/amsfonts/amsfonts.sty))
(/usr/share/texlive/texmf-dist/tex/latex/lineno/lineno.sty
(/usr/share/texlive/texmf-dist/tex/latex/etoolbox/etoolbox.sty))
(/usr/share/texlive/texmf-dist/tex/latex/setspace/setspace.sty)
(/usr/share/texlive/texmf-dist/tex/latex/enumitem/enumitem.sty)
(/usr/share/texlive/texmf-dist/tex/latex/psnfss/mathpazo.sty)
(/usr/share/texlive/texmf-dist/tex/latex/booktabs/booktabs.sty)
(/usr/share/texlive/texmf-dist/tex/latex/titlesec/titlesec.sty)
(/usr/share/texlive/texmf-dist/tex/latex/tabto-ltx/tabto.sty)
(/usr/share/texlive/texmf-dist/tex/latex/xcolor/xcolor.sty
(/usr/share/texlive/texmf-dist/tex/latex/graphics-cfg/color.cfg)
(/usr/share/texlive/texmf-dist/tex/latex/graphics/mathcolor.ltx))
(/usr/share/texlive/texmf-dist/tex/latex/colortbl/colortbl.sty
(/usr/share/texlive/texmf-dist/tex/latex/tools/array.sty))
(/usr/share/texlive/texmf-dist/tex/generic/soul/soul.sty
(/usr/share/texlive/texmf-dist/tex/generic/soul/soul-ori.sty)
(/usr/share/texlive/texmf-dist/tex/generic/etexcmds/etexcmds.sty))
(/usr/share/texlive/texmf-dist/tex/latex/multirow/multirow.sty)
(/usr/share/texlive/texmf-dist/tex/latex/microtype/microtype.sty
(/usr/share/texlive/texmf-dist/tex/latex/microtype/microtype-pdftex.def)
(/usr/share/texlive/texmf-dist/tex/latex/microtype/microtype.cfg))
(/usr/share/texlive/texmf-dist/tex/latex/pgf/frontendlayer/tikz.sty
(/usr/share/texlive/texmf-dist/tex/latex/pgf/basiclayer/pgf.sty
(/usr/share/texlive/texmf-dist/tex/latex/pgf/utilities/pgfrcs.sty
(/usr/share/texlive/texmf-dist/tex/generic/pgf/utilities/pgfutil-common.tex)
(/usr/share/texlive/texmf-dist/tex/generic/pgf/utilities/pgfutil-latex.def)
(/usr/share/texlive/texmf-dist/tex/generic/pgf/utilities/pgfrcs.code.tex
(/usr/share/texlive/texmf-dist/tex/generic/pgf/pgf.revision.tex)))
(/usr/share/texlive/texmf-dist/tex/latex/pgf/basiclayer/pgfcore.sty
(/usr/share/texlive/texmf-dist/tex/latex/pgf/systemlayer/pgfsys.sty
(/usr/share/texlive/texmf-dist/tex/generic/pgf/systemlayer/pgfsys.code.tex
(/usr/share/texlive/texmf-dist/tex/generic/pgf/utilities/pgfkeys.code.tex
(/usr/share/texlive/texmf-dist/tex/generic/pgf/utilities/pgfkeyslibraryfiltered
.code.tex)) (/usr/share/texlive/texmf-dist/tex/generic/pgf/systemlayer/pgf.cfg)
(/usr/share/texlive/texmf-dist/tex/generic/pgf/systemlayer/pgfsys-pdftex.def
(/usr/share/texlive/texmf-dist/tex/generic/pgf/systemlayer/pgfsys-common-pdf.de
f)))
(/usr/share/texlive/texmf-dist/tex/generic/pgf/systemlayer/pgfsyssoftpath.code.
tex)
(/usr/share/texlive/texmf-dist/tex/generic/pgf/systemlayer/pgfsysprotocol.code.
tex))

LaTeX Warning: Package "xcolor" has already been loaded: ignoring load-time
(LaTeX)        option "pdftex".

(/usr/share/texlive/texmf-dist/tex/generic/pgf/basiclayer/pgfcore.code.tex
(/usr/share/texlive/texmf-dist/tex/generic/pgf/math/pgfmath.code.tex
(/usr/share/texlive/texmf-dist/tex/generic/pgf/math/pgfmathutil.code.tex)
(/usr/share/texlive/texmf-dist/tex/generic/pgf/math/pgfmathparser.code.tex)
(/usr/share/texlive/texmf-dist/tex/generic/pgf/math/pgfmathfunctions.code.tex)
(/usr/share/texlive/texmf-dist/tex/generic/pgf/math/pgfmathfunctions.basic.code
.tex)
(/usr/share/texlive/texmf-dist/tex/generic/pgf/math/pgfmathfunctions.trigonomet
ric.code.tex)
(/usr/share/texlive/texmf-dist/tex/generic/pgf/math/pgfmathfunctions.random.cod
e.tex)
(/usr/share/texlive/texmf-dist/tex/generic/pgf/math/pgfmathfunctions.comparison
.code.tex)
(/usr/share/texlive/texmf-dist/tex/generic/pgf/math/pgfmathfunctions.base.code.
tex)
(/usr/share/texlive/texmf-dist/tex/generic/pgf/math/pgfmathfunctions.round.code
.tex)
(/usr/share/texlive/texmf-dist/tex/generic/pgf/math/pgfmathfunctions.misc.code.
tex)
(/usr/share/texlive/texmf-dist/tex/generic/pgf/math/pgfmathfunctions.integerari
thmetics.code.tex)
(/usr/share/texlive/texmf-dist/tex/generic/pgf/math/pgfmathcalc.code.tex)
(/usr/share/texlive/texmf-dist/tex/generic/pgf/math/pgfmathfloat.code.tex))
(/usr/share/texlive/texmf-dist/tex/generic/pgf/math/pgfint.code.tex)
(/usr/share/texlive/texmf-dist/tex/generic/pgf/basiclayer/pgfcorepoints.code.te
x)
(/usr/share/texlive/texmf-dist/tex/generic/pgf/basiclayer/pgfcorepathconstruct.
code.tex)
(/usr/share/texlive/texmf-dist/tex/generic/pgf/basiclayer/pgfcorepathusage.code
.tex)
(/usr/share/texlive/texmf-dist/tex/generic/pgf/basiclayer/pgfcorescopes.code.te
x)
(/usr/share/texlive/texmf-dist/tex/generic/pgf/basiclayer/pgfcoregraphicstate.c
ode.tex)
(/usr/share/texlive/texmf-dist/tex/generic/pgf/basiclayer/pgfcoretransformation
s.code.tex)
(/usr/share/texlive/texmf-dist/tex/generic/pgf/basiclayer/pgfcorequick.code.tex
)
(/usr/share/texlive/texmf-dist/tex/generic/pgf/basiclayer/pgfcoreobjects.code.t
ex)
(/usr/share/texlive/texmf-dist/tex/generic/pgf/basiclayer/pgfcorepathprocessing
.code.tex)
(/usr/share/texlive/texmf-dist/tex/generic/pgf/basiclayer/pgfcorearrows.code.te
x)
(/usr/share/texlive/texmf-dist/tex/generic/pgf/basiclayer/pgfcoreshade.code.tex
)
(/usr/share/texlive/texmf-dist/tex/generic/pgf/basiclayer/pgfcoreimage.code.tex
)
(/usr/share/texlive/texmf-dist/tex/generic/pgf/basiclayer/pgfcoreexternal.code.
tex)
(/usr/share/texlive/texmf-dist/tex/generic/pgf/basiclayer/pgfcorelayers.code.te
x)
(/usr/share/texlive/texmf-dist/tex/generic/pgf/basiclayer/pgfcoretransparency.c
ode.tex)
(/usr/share/texlive/texmf-dist/tex/generic/pgf/basiclayer/pgfcorepatterns.code.
tex)
(/usr/share/texlive/texmf-dist/tex/generic/pgf/basiclayer/pgfcorerdf.code.tex))
)
(/usr/share/texlive/texmf-dist/tex/generic/pgf/modules/pgfmoduleshapes.code.tex
) (/usr/share/texlive/texmf-dist/tex/generic/pgf/modules/pgfmoduleplot.code.tex
)
(/usr/share/texlive/texmf-dist/tex/latex/pgf/compatibility/pgfcomp-version-0-65
.sty)
(/usr/share/texlive/texmf-dist/tex/latex/pgf/compatibility/pgfcomp-version-1-18
.sty)) (/usr/share/texlive/texmf-dist/tex/latex/pgf/utilities/pgffor.sty
(/usr/share/texlive/texmf-dist/tex/latex/pgf/utilities/pgfkeys.sty
(/usr/share/texlive/texmf-dist/tex/generic/pgf/utilities/pgfkeys.code.tex))
(/usr/share/texlive/texmf-dist/tex/latex/pgf/math/pgfmath.sty
(/usr/share/texlive/texmf-dist/tex/generic/pgf/math/pgfmath.code.tex))
(/usr/share/texlive/texmf-dist/tex/generic/pgf/utilities/pgffor.code.tex))
(/usr/share/texlive/texmf-dist/tex/generic/pgf/frontendlayer/tikz/tikz.code.tex

(/usr/share/texlive/texmf-dist/tex/generic/pgf/libraries/pgflibraryplothandlers
.code.tex)
(/usr/share/texlive/texmf-dist/tex/generic/pgf/modules/pgfmodulematrix.code.tex
)
(/usr/share/texlive/texmf-dist/tex/generic/pgf/frontendlayer/tikz/libraries/tik
zlibrarytopaths.code.tex)))
(/usr/share/texlive/texmf-dist/tex/latex/refcount/refcount.sty)
(/usr/share/texlive/texmf-dist/tex/latex/changepage/changepage.sty)
(/usr/share/texlive/texmf-dist/tex/latex/frankenstein/attrib.sty
(/usr/share/texlive/texmf-dist/tex/latex/frankenstein/moredefs.sty))
(/usr/share/texlive/texmf-dist/tex/latex/was/upgreek.sty)
(/usr/share/texlive/texmf-dist/tex/latex/tools/tabularx.sty)
(/usr/share/texlive/texmf-dist/tex/latex/pbox/pbox.sty)
(/usr/share/texlive/texmf-dist/tex/latex/ragged2e/ragged2e.sty)
(/usr/share/texlive/texmf-dist/tex/latex/tocloft/tocloft.sty)
(/usr/share/texlive/texmf-dist/tex/latex/marginnote/marginnote.sty)
(/usr/share/texlive/texmf-dist/tex/latex/marginfix/marginfix.sty)
(/usr/share/texlive/texmf-dist/tex/latex/enotez/enotez.sty
(/usr/share/texlive/texmf-dist/tex/latex/l3kernel/expl3.sty
(/usr/share/texlive/texmf-dist/tex/latex/l3backend/l3backend-pdftex.def))
(/usr/share/texlive/texmf-dist/tex/latex/l3packages/xparse/xparse.sty)
(/usr/share/texlive/texmf-dist/tex/latex/l3packages/l3keys2e/l3keys2e.sty)
(/usr/share/texlive/texmf-dist/tex/latex/l3packages/xtemplate/xtemplate.sty)
(/usr/share/texlive/texmf-dist/tex/latex/translations/translations.sty))
(/usr/share/texlive/texmf-dist/tex/generic/xstring/xstring.sty
(/usr/share/texlive/texmf-dist/tex/generic/xstring/xstring.tex))
(/usr/share/texlive/texmf-dist/tex/latex/subfig/subfig.sty
(/usr/share/texlive/texmf-dist/tex/latex/caption/caption.sty
(/usr/share/texlive/texmf-dist/tex/latex/caption/caption3.sty)))
(/usr/share/texlive/texmf-dist/tex/generic/alphalph/alphalph.sty
(/usr/share/texlive/texmf-dist/tex/generic/intcalc/intcalc.sty))
(./Definitions/journalnames.tex)
(/usr/share/texlive/texmf-dist/tex/latex/amscls/amsthm.sty)
(/usr/share/texlive/texmf-dist/tex/latex/natbib/natbib.sty)
(/usr/share/texlive/texmf-dist/tex/latex/koma-script/scrextend.sty
(/usr/share/texlive/texmf-dist/tex/latex/koma-script/scrkbase.sty
(/usr/share/texlive/texmf-dist/tex/latex/koma-script/scrbase.sty
(/usr/share/texlive/texmf-dist/tex/latex/koma-script/scrlfile.sty
(/usr/share/texlive/texmf-dist/tex/latex/koma-script/scrlfile-hook.sty
(/usr/share/texlive/texmf-dist/tex/latex/koma-script/scrlogo.sty))))))
(/usr/share/texlive/texmf-dist/tex/latex/geometry/geometry.sty
(/usr/share/texlive/texmf-dist/tex/generic/iftex/ifvtex.sty))
(/usr/share/texlive/texmf-dist/tex/latex/newfloat/newfloat.sty)
(/usr/share/texlive/texmf-dist/tex/latex/seqsplit/seqsplit.sty))
(/usr/share/texlive/texmf-dist/tex/latex/algorithms/algorithm.sty)
(/usr/share/texlive/texmf-dist/tex/latex/algorithmicx/algpseudocode.sty
(/usr/share/texlive/texmf-dist/tex/latex/algorithmicx/algorithmicx.sty
Document Style algorithmicx 1.2 - a greatly improved `algorithmic' style
)
Document Style - pseudocode environments for use with the `algorithmicx' style
)
(/usr/share/texlive/texmf-dist/tex/generic/pgf/libraries/pgflibraryarrows.meta.
code.tex)
(/usr/share/texlive/texmf-dist/tex/generic/pgf/frontendlayer/tikz/libraries/tik
zlibrarypositioning.code.tex)
(/usr/share/texlive/texmf-dist/tex/generic/pgf/frontendlayer/tikz/libraries/tik
zlibraryfit.code.tex)
(/usr/share/texlive/texmf-dist/tex/generic/pgf/frontendlayer/tikz/libraries/tik
zlibraryshapes.geometric.code.tex
(/usr/share/texlive/texmf-dist/tex/generic/pgf/libraries/shapes/pgflibraryshape
s.geometric.code.tex))
(/usr/share/texlive/texmf-dist/tex/generic/pgf/frontendlayer/tikz/libraries/tik
zlibrarycalc.code.tex) (/usr/share/texlive/texmf-dist/tex/latex/url/url.sty)
(/usr/share/texlive/texmf-dist/tex/latex/hyperref/hyperref.sty
(/usr/share/texlive/texmf-dist/tex/generic/pdfescape/pdfescape.sty)
(/usr/share/texlive/texmf-dist/tex/latex/hycolor/hycolor.sty)
(/usr/share/texlive/texmf-dist/tex/latex/hyperref/nameref.sty
(/usr/share/texlive/texmf-dist/tex/generic/gettitlestring/gettitlestring.sty))
(/usr/share/texlive/texmf-dist/tex/generic/stringenc/stringenc.sty)
(/usr/share/texlive/texmf-dist/tex/latex/hyperref/pd1enc.def)
(/usr/share/texlive/texmf-dist/tex/latex/hyperref/puenc.def)
(/usr/share/texlive/texmf-dist/tex/generic/bitset/bitset.sty
(/usr/share/texlive/texmf-dist/tex/generic/bigintcalc/bigintcalc.sty))
(/usr/share/texlive/texmf-dist/tex/latex/base/atbegshi-ltx.sty))
(/usr/share/texlive/texmf-dist/tex/latex/hyperref/hpdftex.def
(/usr/share/texlive/texmf-dist/tex/latex/base/atveryend-ltx.sty)
(/usr/share/texlive/texmf-dist/tex/latex/rerunfilecheck/rerunfilecheck.sty
(/usr/share/texlive/texmf-dist/tex/generic/uniquecounter/uniquecounter.sty)))
(/usr/share/texlive/texmf-dist/tex/latex/cleveref/cleveref.sty)
(/usr/share/texlive/texmf-dist/tex/latex/psnfss/t1ppl.fd)
No file manuscript.aux.
(/usr/share/texlive/texmf-dist/tex/context/base/mkii/supp-pdf.mkii
[Loading MPS to PDF converter (version 2006.09.02).]
) (/usr/share/texlive/texmf-dist/tex/latex/microtype/mt-ppl.cfg)
(/usr/share/texlive/texmf-dist/tex/latex/translations/translations-basic-dictio
nary-english.trsl)
*geometry* detected driver: pdftex
(/usr/share/texlive/texmf-dist/tex/latex/psnfss/ts1ppl.fd)
(/usr/share/texlive/texmf-dist/tex/latex/psnfss/ot1ppl.fd)
(/usr/share/texlive/texmf-dist/tex/latex/psnfss/omlzplm.fd)
(/usr/share/texlive/texmf-dist/tex/latex/psnfss/omszplm.fd)
(/usr/share/texlive/texmf-dist/tex/latex/psnfss/omxzplm.fd)
(/usr/share/texlive/texmf-dist/tex/latex/microtype/mt-msa.cfg)
(/usr/share/texlive/texmf-dist/tex/latex/microtype/mt-msb.cfg)
(/usr/share/texlive/texmf-dist/tex/latex/psnfss/ot1zplm.fd)
(/usr/share/texlive/texmf-dist/tex/latex/microtype/mt-eur.cfg)

Package hyperref Warning: Token not allowed in a PDF string (Unicode):
(hyperref)                removing `math shift' on input line 76.


Package hyperref Warning: Token not allowed in a PDF string (Unicode):
(hyperref)                removing `\in' on input line 76.


Package hyperref Warning: Token not allowed in a PDF string (Unicode):
(hyperref)                removing `superscript' on input line 76.


Package hyperref Warning: Token not allowed in a PDF string (Unicode):
(hyperref)                removing `\times' on input line 76.


Package hyperref Warning: Token not allowed in a PDF string (Unicode):
(hyperref)                removing `math shift' on input line 76.


Package hyperref Warning: Token not allowed in a PDF string (Unicode):
(hyperref)                removing `\in' on input line 76.


Package hyperref Warning: Token not allowed in a PDF string (Unicode):
(hyperref)                removing `superscript' on input line 76.


Package hyperref Warning: Token not allowed in a PDF string (Unicode):
(hyperref)                removing `\times' on input line 76.


Package hyperref Warning: Token not allowed in a PDF string (Unicode):
(hyperref)                removing `\ell' on input line 76.


Package hyperref Warning: Token not allowed in a PDF string (Unicode):
(hyperref)                removing `math shift' on input line 76.


Package hyperref Warning: Token not allowed in a PDF string (Unicode):
(hyperref)                removing `math shift' on input line 76.


Package hyperref Warning: Token not allowed in a PDF string (Unicode):
(hyperref)                removing `\setbox' on input line 76.


Package hyperref Warning: Token not allowed in a PDF string (Unicode):
(hyperref)                removing `\z@' on input line 76.


Package hyperref Warning: Token not allowed in a PDF string (Unicode):
(hyperref)                removing `\hbox' on input line 76.


Package hyperref Warning: Token not allowed in a PDF string (Unicode):
(hyperref)                removing `\mathsurround' on input line 76.


Package hyperref Warning: Token not allowed in a PDF string (Unicode):
(hyperref)                removing `\z@' on input line 76.


Package hyperref Warning: Token not allowed in a PDF string (Unicode):
(hyperref)                removing `math shift' on input line 76.


Package hyperref Warning: Token not allowed in a PDF string (Unicode):
(hyperref)                removing `\textstyle' on input line 76.


Package hyperref Warning: Token not allowed in a PDF string (Unicode):
(hyperref)                removing `math shift' on input line 76.


Package hyperref Warning: Token not allowed in a PDF string (Unicode):
(hyperref)                removing `\mathaccent' on input line 76.



Package fancyhdr Warning: \headheight is too small (12.0pt): 
(fancyhdr)                Make it at least 20.0pt, for example:
(fancyhdr)                \setlength{\headheight}{20.0pt}.
(fancyhdr)                You might also make \topmargin smaller:
(fancyhdr)                \addtolength{\topmargin}{-8.0pt}.

[1{/var/lib/texmf/fonts/map/pdftex/updmap/pdftex.map}{/usr/share/texlive/texmf-
dist/fonts/enc/dvips/base/8r.enc}{/usr/share/texmf/fonts/enc/dvips/cm-super/cm-
super-t1.enc} <./Definitions/logo-mdpi-eps-converted-to.pdf> <./Definitions/log
o-orcid.pdf>]

Package natbib Warning: Citation `Ribeiro2016LIME' on page 2 undefined on input
 line 83.


Package natbib Warning: Citation `Shapley1953Value' on page 2 undefined on inpu
t line 83.


Package natbib Warning: Citation `Lundberg2017SHAP' on page 2 undefined on inpu
t line 83.


Package natbib Warning: Citation `Lundberg2020FromLocal' on page 2 undefined on
 input line 83.


Package natbib Warning: Citation `Koh2020ConceptBottleneck' on page 2 undefined
 on input line 83.


Package natbib Warning: Citation `Zarlenga2022ConceptEmbedding' on page 2 undef
ined on input line 83.


Package natbib Warning: Citation `Yuksekgonul2023PostHocCBM' on page 2 undefine
d on input line 83.


Package natbib Warning: Citation `Breiman1984CART' on page 2 undefined on input
 line 83.


Package natbib Warning: Citation `Quinlan1986Induction' on page 2 undefined on 
input line 83.


Package natbib Warning: Citation `Cohen1995RIPPER' on page 2 undefined on input
 line 83.


Package natbib Warning: Citation `Radiuk2024TransitionMatrix' on page 2 undefin
ed on input line 85.


Package natbib Warning: Citation `Barmak2024TowardTransition' on page 2 undefin
ed on input line 85.


Package natbib Warning: Citation `AwA2Website' on page 2 undefined on input lin
e 87.


Package natbib Warning: Citation `Xian2019AwA2' on page 2 undefined on input li
ne 87.


Package natbib Warning: Citation `Lampert2014Attribute' on page 2 undefined on 
input line 89.


Package natbib Warning: Citation `Norouzi2014ConSE' on page 2 undefined on inpu
t line 89.


Package natbib Warning: Citation `Socher2013CMT' on page 2 undefined on input l
ine 89.


Package natbib Warning: Citation `Zhang2015SSE' on page 2 undefined on input li
ne 89.


Package natbib Warning: Citation `Xian2016LATEM' on page 2 undefined on input l
ine 89.


Package natbib Warning: Citation `Akata2016ALE' on page 2 undefined on input li
ne 89.


Package natbib Warning: Citation `Frome2013DeViSE' on page 2 undefined on input
 line 89.


Package natbib Warning: Citation `Akata2015SJE' on page 2 undefined on input li
ne 89.


Package natbib Warning: Citation `RomeraParedes2015ESZSL' on page 2 undefined o
n input line 89.


Package natbib Warning: Citation `Changpinyo2016SYNC' on page 2 undefined on in
put line 89.


Package natbib Warning: Citation `Kodirov2017SAE' on page 2 undefined on input 
line 89.


Package natbib Warning: Citation `Verma2017GFZSL' on page 2 undefined on input 
line 89.



LaTeX Warning: Reference `LastPage' on page 2 undefined on input line 90.


Package fancyhdr Warning: \headheight is too small (12.0pt): 
(fancyhdr)                Make it at least 18.18796pt, for example:
(fancyhdr)                \setlength{\headheight}{18.18796pt}.
(fancyhdr)                You might also make \topmargin smaller:
(fancyhdr)                \addtolength{\topmargin}{-6.18796pt}.

[2]

LaTeX Warning: Reference `sec:related' on page 3 undefined on input line 93.


LaTeX Warning: Reference `sec:methods' on page 3 undefined on input line 93.


LaTeX Warning: Reference `sec:protocol' on page 3 undefined on input line 93.


LaTeX Warning: Reference `sec:results' on page 3 undefined on input line 93.


LaTeX Warning: Reference `sec:discussion' on page 3 undefined on input line 93.



LaTeX Warning: Reference `sec:conclusions' on page 3 undefined on input line 93
.


Package natbib Warning: Citation `Ribeiro2016LIME' on page 3 undefined on input
 line 100.


Package natbib Warning: Citation `Shapley1953Value' on page 3 undefined on inpu
t line 100.


Package natbib Warning: Citation `Lundberg2017SHAP' on page 3 undefined on inpu
t line 100.


Package natbib Warning: Citation `Ribeiro2018Anchors' on page 3 undefined on in
put line 100.


LaTeX Warning: Reference `sec:results_local_concepts' on page 3 undefined on in
put line 104.


Package natbib Warning: Citation `Arrieta2020XAI' on page 3 undefined on input 
line 104.


Package natbib Warning: Citation `Guidotti2018Survey' on page 3 undefined on in
put line 104.


Package natbib Warning: Citation `Samek2021Explaining' on page 3 undefined on i
nput line 104.


Package natbib Warning: Citation `Longo2024XAI' on page 3 undefined on input li
ne 104.



LaTeX Warning: Reference `LastPage' on page 3 undefined on input line 105.


Package fancyhdr Warning: \headheight is too small (12.0pt): 
(fancyhdr)                Make it at least 18.18796pt, for example:
(fancyhdr)                \setlength{\headheight}{18.18796pt}.
(fancyhdr)                You might also make \topmargin smaller:
(fancyhdr)                \addtolength{\topmargin}{-6.18796pt}.

[3]

Package natbib Warning: Citation `Kim2018TCAV' on page 4 undefined on input lin
e 108.


Package natbib Warning: Citation `Koh2020ConceptBottleneck' on page 4 undefined
 on input line 108.


Package natbib Warning: Citation `Zarlenga2022ConceptEmbedding' on page 4 undef
ined on input line 108.


Package natbib Warning: Citation `Yuksekgonul2023PostHocCBM' on page 4 undefine
d on input line 108.


Package natbib Warning: Citation `Breiman1984CART' on page 4 undefined on input
 line 116.


Package natbib Warning: Citation `Quinlan1986Induction' on page 4 undefined on 
input line 116.


Package natbib Warning: Citation `Quinlan1993C45' on page 4 undefined on input 
line 116.


Package natbib Warning: Citation `Cohen1995RIPPER' on page 4 undefined on input
 line 116.


Package natbib Warning: Citation `Ming2018RuleMatrix' on page 4 undefined on in
put line 116.


Package natbib Warning: Citation `Guidotti2019LORE' on page 4 undefined on inpu
t line 116.


Package natbib Warning: Citation `Setzu2021GLocalX' on page 4 undefined on inpu
t line 116.


Package natbib Warning: Citation `Pawlak1982RoughSets' on page 4 undefined on i
nput line 118.


Package natbib Warning: Citation `Pawlak1991RoughSets' on page 4 undefined on i
nput line 118.



LaTeX Warning: Reference `LastPage' on page 4 undefined on input line 119.


Package fancyhdr Warning: \headheight is too small (12.0pt): 
(fancyhdr)                Make it at least 18.18796pt, for example:
(fancyhdr)                \setlength{\headheight}{18.18796pt}.
(fancyhdr)                You might also make \topmargin smaller:
(fancyhdr)                \addtolength{\topmargin}{-6.18796pt}.

[4]

Package natbib Warning: Citation `Fayyad1993Discretization' on page 5 undefined
 on input line 120.


Package natbib Warning: Citation `Silverman1986Density' on page 5 undefined on 
input line 120.


Package natbib Warning: Citation `AwA2Website' on page 5 undefined on input lin
e 124.


Package natbib Warning: Citation `Xian2019AwA2' on page 5 undefined on input li
ne 124.


Package natbib Warning: Citation `Lampert2009Attribute' on page 5 undefined on 
input line 124.


Package natbib Warning: Citation `Lampert2014Attribute' on page 5 undefined on 
input line 124.


Package natbib Warning: Citation `Norouzi2014ConSE' on page 5 undefined on inpu
t line 124.


Package natbib Warning: Citation `Socher2013CMT' on page 5 undefined on input l
ine 124.


Package natbib Warning: Citation `Zhang2015SSE' on page 5 undefined on input li
ne 124.


Package natbib Warning: Citation `Xian2016LATEM' on page 5 undefined on input l
ine 124.


Package natbib Warning: Citation `Akata2016ALE' on page 5 undefined on input li
ne 124.


Package natbib Warning: Citation `Frome2013DeViSE' on page 5 undefined on input
 line 124.


Package natbib Warning: Citation `Akata2015SJE' on page 5 undefined on input li
ne 124.


Package natbib Warning: Citation `RomeraParedes2015ESZSL' on page 5 undefined o
n input line 124.


Package natbib Warning: Citation `Changpinyo2016SYNC' on page 5 undefined on in
put line 124.


Package natbib Warning: Citation `Kodirov2017SAE' on page 5 undefined on input 
line 124.


Package natbib Warning: Citation `Verma2017GFZSL' on page 5 undefined on input 
line 124.


LaTeX Warning: Reference `sec:results_sota' on page 5 undefined on input line 1
26.



LaTeX Warning: Reference `LastPage' on page 5 undefined on input line 140.


Package fancyhdr Warning: \headheight is too small (12.0pt): 
(fancyhdr)                Make it at least 18.18796pt, for example:
(fancyhdr)                \setlength{\headheight}{18.18796pt}.
(fancyhdr)                You might also make \topmargin smaller:
(fancyhdr)                \addtolength{\topmargin}{-6.18796pt}.

[5]

LaTeX Warning: Reference `LastPage' on page 6 undefined on input line 172.


Package fancyhdr Warning: \headheight is too small (12.0pt): 
(fancyhdr)                Make it at least 18.18796pt, for example:
(fancyhdr)                \setlength{\headheight}{18.18796pt}.
(fancyhdr)                You might also make \topmargin smaller:
(fancyhdr)                \addtolength{\topmargin}{-6.18796pt}.

[6]

LaTeX Warning: Reference `tab:selected_attributes' on page 7 undefined on input
 line 185.


LaTeX Warning: Reference `fig:transition_salience' on page 7 undefined on input
 line 185.


LaTeX Warning: Reference `fig:attribute_error' on page 7 undefined on input lin
e 185.


LaTeX Warning: Reference `fig:attribute_salience_error_scatter' on page 7 undef
ined on input line 185.


LaTeX Warning: Reference `sec:discussion_limitations' on page 7 undefined on in
put line 187.



LaTeX Warning: Reference `LastPage' on page 7 undefined on input line 203.


Package fancyhdr Warning: \headheight is too small (12.0pt): 
(fancyhdr)                Make it at least 18.18796pt, for example:
(fancyhdr)                \setlength{\headheight}{18.18796pt}.
(fancyhdr)                You might also make \topmargin smaller:
(fancyhdr)                \addtolength{\topmargin}{-6.18796pt}.

[7]

LaTeX Warning: Reference `fig:wedd_example' on page 8 undefined on input line 2
10.


LaTeX Warning: Reference `tab:wedd_ablation' on page 8 undefined on input line 
210.



LaTeX Warning: Reference `LastPage' on page 8 undefined on input line 227.


Package fancyhdr Warning: \headheight is too small (12.0pt): 
(fancyhdr)                Make it at least 18.18796pt, for example:
(fancyhdr)                \setlength{\headheight}{18.18796pt}.
(fancyhdr)                You might also make \topmargin smaller:
(fancyhdr)                \addtolength{\topmargin}{-6.18796pt}.

[8]

Package natbib Warning: Citation `Halko2011RandomizedSVD' on page 9 undefined o
n input line 248.



LaTeX Warning: Reference `LastPage' on page 9 undefined on input line 249.


Package fancyhdr Warning: \headheight is too small (12.0pt): 
(fancyhdr)                Make it at least 18.18796pt, for example:
(fancyhdr)                \setlength{\headheight}{18.18796pt}.
(fancyhdr)                You might also make \topmargin smaller:
(fancyhdr)                \addtolength{\topmargin}{-6.18796pt}.

[9]

Package natbib Warning: Citation `AwA2Website' on page 10 undefined on input li
ne 257.


Package natbib Warning: Citation `Xian2019AwA2' on page 10 undefined on input l
ine 257.


LaTeX Warning: Reference `tab:dataset_summary' on page 10 undefined on input li
ne 259.


LaTeX Warning: Reference `tab:feature_hyperparameters' on page 10 undefined on 
input line 259.

(./tables/table_dataset_summary.tex
Underfull \hbox (badness 10000) in alignment at lines 14--14
[][][][][] 
)

LaTeX Warning: Reference `tab:base_predictor_performance' on page 10 undefined 
on input line 267.


LaTeX Warning: Reference `tab:main_quantitative_results' on page 10 undefined o
n input line 267.


LaTeX Warning: Reference `tab:synthetic_ground_truth' on page 10 undefined on i
nput line 271.


LaTeX Warning: Reference `tab:synthetic_noise' on page 10 undefined on input li
ne 271.



LaTeX Warning: Reference `LastPage' on page 10 undefined on input line 272.


Package fancyhdr Warning: \headheight is too small (12.0pt): 
(fancyhdr)                Make it at least 18.18796pt, for example:
(fancyhdr)                \setlength{\headheight}{18.18796pt}.
(fancyhdr)                You might also make \topmargin smaller:
(fancyhdr)                \addtolength{\topmargin}{-6.18796pt}.

[10]
Overfull \hbox (7.58063pt too wide) in paragraph at lines 279--280
[]\T1/ppl/m/n/10 (-20) All gen-er-ated nu-mer-i-cal claims are tied to CSV or J
SON ar-ti-facts un-der \T1/cmtt/m/n/10 artifacts/awa2/

LaTeX Warning: Reference `tab:main_quantitative_results' on page 11 undefined o
n input line 287.

(./tables/table_main_quantitative_results.tex
Overfull \hbox (12.66246pt too wide) in alignment at lines 28--28
[][][][] 
)

LaTeX Warning: Reference `LastPage' on page 11 undefined on input line 290.


Package fancyhdr Warning: \headheight is too small (12.0pt): 
(fancyhdr)                Make it at least 18.18796pt, for example:
(fancyhdr)                \setlength{\headheight}{18.18796pt}.
(fancyhdr)                You might also make \topmargin smaller:
(fancyhdr)                \addtolength{\topmargin}{-6.18796pt}.

[11]

LaTeX Warning: Reference `fig:matrix_alignment' on page 12 undefined on input l
ine 291.


LaTeX Warning: Reference `fig:class_distribution' on page 12 undefined on input
 line 291.


LaTeX Warning: Reference `fig:svd_variance' on page 12 undefined on input line 
291.


LaTeX Warning: Reference `fig:transition_salience' on page 12 undefined on inpu
t line 291.


LaTeX Warning: Reference `fig:attribute_error' on page 12 undefined on input li
ne 291.


LaTeX Warning: Reference `fig:wedd_example' on page 12 undefined on input line 
291.


LaTeX Warning: Reference `fig:granules_summary' on page 12 undefined on input l
ine 291.


LaTeX Warning: Reference `fig:rule_support_confidence' on page 12 undefined on 
input line 291.


LaTeX Warning: Reference `fig:ablation_accuracy' on page 12 undefined on input 
line 291.


LaTeX Warning: Reference `fig:protocol_b_app' on page 12 undefined on input lin
e 291.


LaTeX Warning: Reference `fig:protocol_b_perclass_errors' on page 12 undefined 
on input line 291.


LaTeX Warning: Reference `fig:synthetic_degradation' on page 12 undefined on in
put line 291.


LaTeX Warning: Reference `fig:threshold_recovery' on page 12 undefined on input
 line 291.


LaTeX Warning: Reference `fig:traces' on page 12 undefined on input line 291.


LaTeX Warning: Reference `fig:coverage_tradeoff' on page 12 undefined on input 
line 291.


LaTeX Warning: Reference `fig:rule_stability' on page 12 undefined on input lin
e 291.


LaTeX Warning: Reference `fig:explainability_matrix' on page 12 undefined on in
put line 291.


LaTeX Warning: Reference `fig:flow_funnel' on page 12 undefined on input line 2
91.


LaTeX Warning: Reference `tab:figure_table_placement_map' on page 12 undefined 
on input line 291.



LaTeX Warning: Reference `LastPage' on page 12 undefined on input line 304.


Package fancyhdr Warning: \headheight is too small (12.0pt): 
(fancyhdr)                Make it at least 18.18796pt, for example:
(fancyhdr)                \setlength{\headheight}{18.18796pt}.
(fancyhdr)                You might also make \topmargin smaller:
(fancyhdr)                \addtolength{\topmargin}{-6.18796pt}.

[12 <./figs/fig01_framework_pipeline.pdf>]

LaTeX Warning: Reference `tab:base_predictor_performance' on page 13 undefined 
on input line 310.


LaTeX Warning: Reference `tab:transition_metrics' on page 13 undefined on input
 line 312.


LaTeX Warning: Reference `fig:transition_salience' on page 13 undefined on inpu
t line 312.


LaTeX Warning: Reference `fig:attribute_error' on page 13 undefined on input li
ne 312.


LaTeX Warning: Reference `fig:attribute_salience_error_scatter' on page 13 unde
fined on input line 312.


LaTeX Warning: Reference `tab:transition_operator_ablation' on page 13 undefine
d on input line 314.



LaTeX Warning: Reference `LastPage' on page 13 undefined on input line 316.


Package fancyhdr Warning: \headheight is too small (12.0pt): 
(fancyhdr)                Make it at least 18.18796pt, for example:
(fancyhdr)                \setlength{\headheight}{18.18796pt}.
(fancyhdr)                You might also make \topmargin smaller:
(fancyhdr)                \addtolength{\topmargin}{-6.18796pt}.

[13 <./figs/fig17_results_dashboard.pdf>]

LaTeX Warning: Reference `tab:sota_quantitative_comparison' on page 14 undefine
d on input line 319.

(./tables/table_sota_quantitative_comparison.tex
Underfull \hbox (badness 10000) in alignment at lines 26--26
[][][][] 
)

LaTeX Warning: Reference `LastPage' on page 14 undefined on input line 328.


Package fancyhdr Warning: \headheight is too small (12.0pt): 
(fancyhdr)                Make it at least 18.18796pt, for example:
(fancyhdr)                \setlength{\headheight}{18.18796pt}.
(fancyhdr)                You might also make \topmargin smaller:
(fancyhdr)                \addtolength{\topmargin}{-6.18796pt}.

[14]

LaTeX Warning: Reference `tab:symbolic_baselines' on page 15 undefined on input
 line 336.

(./tables/table_enhanced_baseline_synthesis.tex)

LaTeX Warning: Reference `LastPage' on page 15 undefined on input line 339.


Package fancyhdr Warning: \headheight is too small (12.0pt): 
(fancyhdr)                Make it at least 18.18796pt, for example:
(fancyhdr)                \setlength{\headheight}{18.18796pt}.
(fancyhdr)                You might also make \topmargin smaller:
(fancyhdr)                \addtolength{\topmargin}{-6.18796pt}.

[15 <./figs/fig18_sota_awA2_context.pdf>]

LaTeX Warning: Reference `tab:wedd_ablation' on page 16 undefined on input line
 346.


LaTeX Warning: Reference `fig:wedd_example' on page 16 undefined on input line 
346.


LaTeX Warning: Reference `fig:granules_summary' on page 16 undefined on input l
ine 346.


LaTeX Warning: Reference `fig:rule_support_confidence' on page 16 undefined on 
input line 346.


LaTeX Warning: Reference `tab:local_xai_agreement' on page 16 undefined on inpu
t line 351.



LaTeX Warning: Reference `LastPage' on page 16 undefined on input line 352.


Package fancyhdr Warning: \headheight is too small (12.0pt): 
(fancyhdr)                Make it at least 18.18796pt, for example:
(fancyhdr)                \setlength{\headheight}{18.18796pt}.
(fancyhdr)                You might also make \topmargin smaller:
(fancyhdr)                \addtolength{\topmargin}{-6.18796pt}.

[16 <./figs/fig19_baseline_tradeoff_scatter.pdf>]

LaTeX Warning: Reference `tab:cbm_tcav_baselines' on page 17 undefined on input
 line 353.


LaTeX Warning: Reference `tab:enhanced_baseline_synthesis' on page 17 undefined
 on input line 355.


LaTeX Warning: Reference `tab:protocol_b' on page 17 undefined on input line 36
2.


LaTeX Warning: Reference `fig:protocol_b_app' on page 17 undefined on input lin
e 362.


LaTeX Warning: Reference `fig:protocol_b_perclass_errors' on page 17 undefined 
on input line 362.


LaTeX Warning: Reference `tab:synthetic_ground_truth' on page 17 undefined on i
nput line 374.


LaTeX Warning: Reference `tab:synthetic_noise' on page 17 undefined on input li
ne 374.


LaTeX Warning: Reference `fig:synthetic_degradation' on page 17 undefined on in
put line 374.


LaTeX Warning: Reference `fig:threshold_recovery' on page 17 undefined on input
 line 374.



LaTeX Warning: Reference `LastPage' on page 17 undefined on input line 376.


Package fancyhdr Warning: \headheight is too small (12.0pt): 
(fancyhdr)                Make it at least 18.18796pt, for example:
(fancyhdr)                \setlength{\headheight}{18.18796pt}.
(fancyhdr)                You might also make \topmargin smaller:
(fancyhdr)                \addtolength{\topmargin}{-6.18796pt}.

[17]

LaTeX Warning: Reference `fig:synthetic_uncertainty' on page 18 undefined on in
put line 377.


LaTeX Warning: Reference `tab:synthetic_ground_truth' on page 18 undefined on i
nput line 379.


LaTeX Warning: Reference `tab:synthetic_noise' on page 18 undefined on input li
ne 379.


LaTeX Warning: Reference `fig:synthetic_degradation' on page 18 undefined on in
put line 379.


LaTeX Warning: Reference `fig:threshold_recovery' on page 18 undefined on input
 line 379.


LaTeX Warning: Reference `tab:rule_stability' on page 18 undefined on input lin
e 384.


LaTeX Warning: Reference `fig:rule_stability' on page 18 undefined on input lin
e 384.


LaTeX Warning: Reference `fig:traces' on page 18 undefined on input line 386.


LaTeX Warning: Reference `fig:coverage_tradeoff' on page 18 undefined on input 
line 386.


LaTeX Warning: Reference `fig:flow_funnel' on page 18 undefined on input line 3
86.

(./tables/table_results_interpretation_matrix.tex)

LaTeX Warning: Reference `LastPage' on page 18 undefined on input line 389.


Package fancyhdr Warning: \headheight is too small (12.0pt): 
(fancyhdr)                Make it at least 18.18796pt, for example:
(fancyhdr)                \setlength{\headheight}{18.18796pt}.
(fancyhdr)                You might also make \topmargin smaller:
(fancyhdr)                \addtolength{\topmargin}{-6.18796pt}.

[18 <./figs/fig22_synthetic_uncertainty_bands.pdf>]

LaTeX Warning: Reference `tab:results_interpretation_matrix' on page 19 undefin
ed on input line 390.



LaTeX Warning: Reference `LastPage' on page 19 undefined on input line 407.


Package fancyhdr Warning: \headheight is too small (12.0pt): 
(fancyhdr)                Make it at least 18.18796pt, for example:
(fancyhdr)                \setlength{\headheight}{18.18796pt}.
(fancyhdr)                You might also make \topmargin smaller:
(fancyhdr)                \addtolength{\topmargin}{-6.18796pt}.

[19]

LaTeX Warning: Reference `LastPage' on page 20 undefined on input line 419.


Package fancyhdr Warning: \headheight is too small (12.0pt): 
(fancyhdr)                Make it at least 18.18796pt, for example:
(fancyhdr)                \setlength{\headheight}{18.18796pt}.
(fancyhdr)                You might also make \topmargin smaller:
(fancyhdr)                \addtolength{\topmargin}{-6.18796pt}.

[20]

Package natbib Warning: Citation `Barmak2024TowardTransition' on page 21 undefi
ned on input line 434.



LaTeX Warning: Reference `LastPage' on page 21 undefined on input line 439.


Package fancyhdr Warning: \headheight is too small (12.0pt): 
(fancyhdr)                Make it at least 18.18796pt, for example:
(fancyhdr)                \setlength{\headheight}{18.18796pt}.
(fancyhdr)                You might also make \topmargin smaller:
(fancyhdr)                \addtolength{\topmargin}{-6.18796pt}.

[21]

LaTeX Warning: Reference `LastPage' on page 22 undefined on input line 462.


Package fancyhdr Warning: \headheight is too small (12.0pt): 
(fancyhdr)                Make it at least 18.18796pt, for example:
(fancyhdr)                \setlength{\headheight}{18.18796pt}.
(fancyhdr)                You might also make \topmargin smaller:
(fancyhdr)                \addtolength{\topmargin}{-6.18796pt}.

[22]

LaTeX Warning: Reference `LastPage' on page 23 undefined on input line 474.


Package fancyhdr Warning: \headheight is too small (12.0pt): 
(fancyhdr)                Make it at least 18.18796pt, for example:
(fancyhdr)                \setlength{\headheight}{18.18796pt}.
(fancyhdr)                You might also make \topmargin smaller:
(fancyhdr)                \addtolength{\topmargin}{-6.18796pt}.

[23]

LaTeX Warning: Reference `LastPage' on page 24 undefined on input line 491.


Package fancyhdr Warning: \headheight is too small (12.0pt): 
(fancyhdr)                Make it at least 18.18796pt, for example:
(fancyhdr)                \setlength{\headheight}{18.18796pt}.
(fancyhdr)                You might also make \topmargin smaller:
(fancyhdr)                \addtolength{\topmargin}{-6.18796pt}.

[24]

Package natbib Warning: Citation `AwA2Website' on page 25 undefined on input li
ne 500.


LaTeX Warning: Reference `tab:figure_table_placement_map' on page 25 undefined 
on input line 511.


LaTeX Warning: Reference `tab:abbreviations_variables' on page 25 undefined on 
input line 511.

(./tables/table_figure_table_placement_map.tex

LaTeX Warning: Reference `fig:framework' on page 25 undefined on input line 35.



LaTeX Warning: Reference `fig:results_dashboard' on page 25 undefined on input 
line 35.


LaTeX Warning: Reference `fig:sota_context' on page 25 undefined on input line 
35.


LaTeX Warning: Reference `tab:sota_quantitative_comparison' on page 25 undefine
d on input line 35.


LaTeX Warning: Reference `fig:baseline_tradeoff' on page 25 undefined on input 
line 35.


LaTeX Warning: Reference `fig:synthetic_uncertainty' on page 25 undefined on in
put line 35.


LaTeX Warning: Reference `fig:matrix_alignment' on page 25 undefined on input l
ine 35.


LaTeX Warning: Reference `fig:class_distribution' on page 25 undefined on input
 line 35.


LaTeX Warning: Reference `fig:svd_variance' on page 25 undefined on input line 
35.


LaTeX Warning: Reference `fig:transition_salience' on page 25 undefined on inpu
t line 35.


LaTeX Warning: Reference `fig:attribute_error' on page 25 undefined on input li
ne 35.


LaTeX Warning: Reference `fig:wedd_example' on page 25 undefined on input line 
35.


LaTeX Warning: Reference `fig:granules_summary' on page 25 undefined on input l
ine 35.


LaTeX Warning: Reference `fig:rule_support_confidence' on page 25 undefined on 
input line 35.


LaTeX Warning: Reference `fig:ablation_accuracy' on page 25 undefined on input 
line 35.


LaTeX Warning: Reference `fig:protocol_b_app' on page 25 undefined on input lin
e 35.


LaTeX Warning: Reference `fig:synthetic_degradation' on page 25 undefined on in
put line 35.


LaTeX Warning: Reference `fig:threshold_recovery' on page 25 undefined on input
 line 35.


LaTeX Warning: Reference `fig:traces' on page 25 undefined on input line 35.


LaTeX Warning: Reference `fig:coverage_tradeoff' on page 25 undefined on input 
line 35.


LaTeX Warning: Reference `fig:rule_stability' on page 25 undefined on input lin
e 35.


LaTeX Warning: Reference `fig:explainability_matrix' on page 25 undefined on in
put line 35.


LaTeX Warning: Reference `fig:flow_funnel' on page 25 undefined on input line 3
5.


LaTeX Warning: Reference `fig:protocol_b_perclass_errors' on page 25 undefined 
on input line 35.


LaTeX Warning: Reference `fig:attribute_salience_error_scatter' on page 25 unde
fined on input line 35.

) (./tables/table_abbreviations_variables.tex

LaTeX Warning: Reference `LastPage' on page 25 undefined on input line 47.


Package fancyhdr Warning: \headheight is too small (12.0pt): 
(fancyhdr)                Make it at least 18.18796pt, for example:
(fancyhdr)                \setlength{\headheight}{18.18796pt}.
(fancyhdr)                You might also make \topmargin smaller:
(fancyhdr)                \addtolength{\topmargin}{-6.18796pt}.

[25])

LaTeX Warning: Reference `LastPage' on page 26 undefined on input line 515.


Package fancyhdr Warning: \headheight is too small (12.0pt): 
(fancyhdr)                Make it at least 18.18796pt, for example:
(fancyhdr)                \setlength{\headheight}{18.18796pt}.
(fancyhdr)                You might also make \topmargin smaller:
(fancyhdr)                \addtolength{\topmargin}{-6.18796pt}.

[26]

LaTeX Warning: Reference `tab:feature_hyperparameters' on page 27 undefined on 
input line 519.


LaTeX Warning: Reference `tab:base_predictor_performance' on page 27 undefined 
on input line 519.

(./tables/table_feature_extractor_hyperparameters.tex
Underfull \hbox (badness 10000) in paragraph at lines 19--19
[]|\T1/ppl/m/n/9 (+20) alpha=0.65, max_depth=2, min_bin_size=30,
) (./tables/table_base_predictor_performance.tex

LaTeX Warning: Reference `LastPage' on page 27 undefined on input line 15.


Package fancyhdr Warning: \headheight is too small (12.0pt): 
(fancyhdr)                Make it at least 18.18796pt, for example:
(fancyhdr)                \setlength{\headheight}{18.18796pt}.
(fancyhdr)                You might also make \topmargin smaller:
(fancyhdr)                \addtolength{\topmargin}{-6.18796pt}.

[27])

LaTeX Warning: Reference `LastPage' on page 28 undefined on input line 536.


Package fancyhdr Warning: \headheight is too small (12.0pt): 
(fancyhdr)                Make it at least 18.18796pt, for example:
(fancyhdr)                \setlength{\headheight}{18.18796pt}.
(fancyhdr)                You might also make \topmargin smaller:
(fancyhdr)                \addtolength{\topmargin}{-6.18796pt}.

[28 <./figs/fig02_matrix_alignment.pdf> <./figs/fig03_awa2_class_distribution.p
df>]

LaTeX Warning: Reference `tab:transition_metrics' on page 29 undefined on input
 line 539.


LaTeX Warning: Reference `tab:selected_attributes' on page 29 undefined on inpu
t line 539.


LaTeX Warning: Reference `tab:transition_operator_ablation' on page 29 undefine
d on input line 539.


LaTeX Warning: Reference `fig:svd_variance' on page 29 undefined on input line 
539.


LaTeX Warning: Reference `fig:attribute_salience_error_scatter' on page 29 unde
fined on input line 539.

(./tables/table_transition_metrics.tex
Underfull \hbox (badness 10000) in alignment at lines 14--14
[][][][] 
) (./tables/table_selected_attributes.tex
Underfull \hbox (badness 10000) in alignment at lines 23--23
[][][][] 
) (./tables/table_transition_operator_ablation.tex
Underfull \hbox (badness 10000) in paragraph at lines 14--14
[]|\T1/ppl/m/n/9 (+20) Runtime
)

LaTeX Warning: Reference `LastPage' on page 29 undefined on input line 550.


Package fancyhdr Warning: \headheight is too small (12.0pt): 
(fancyhdr)                Make it at least 18.18796pt, for example:
(fancyhdr)                \setlength{\headheight}{18.18796pt}.
(fancyhdr)                You might also make \topmargin smaller:
(fancyhdr)                \addtolength{\topmargin}{-6.18796pt}.

[29]

LaTeX Warning: Reference `LastPage' on page 30 undefined on input line 562.


Package fancyhdr Warning: \headheight is too small (12.0pt): 
(fancyhdr)                Make it at least 18.18796pt, for example:
(fancyhdr)                \setlength{\headheight}{18.18796pt}.
(fancyhdr)                You might also make \topmargin smaller:
(fancyhdr)                \addtolength{\topmargin}{-6.18796pt}.

[30 <./figs/fig04_svd_retained_variance.pdf> <./figs/fig05_transition_salience.
pdf>]

LaTeX Warning: Reference `tab:rulebook_summary' on page 31 undefined on input l
ine 572.


LaTeX Warning: Reference `tab:wedd_ablation' on page 31 undefined on input line
 572.


LaTeX Warning: Reference `tab:symbolic_baselines' on page 31 undefined on input
 line 572.


LaTeX Warning: Reference `tab:explainability_metrics' on page 31 undefined on i
nput line 572.


LaTeX Warning: Reference `tab:example_rules' on page 31 undefined on input line
 572.


LaTeX Warning: Reference `fig:wedd_example' on page 31 undefined on input line 
572.


LaTeX Warning: Reference `fig:flow_funnel' on page 31 undefined on input line 5
72.

(./tables/table_rulebook_summary.tex
Underfull \hbox (badness 10000) in alignment at lines 19--19
[][] 
) (./tables/table_wedd_ablation.tex
Overfull \hbox (0.99248pt too wide) in paragraph at lines 15--15
[]|\T1/ppl/m/n/9 (-20) Thresholds| 

Overfull \hbox (0.62503pt too wide) in paragraph at lines 15--15
[]|\T1/ppl/m/n/9 (-20) Abstention| 

Underfull \hbox (badness 4647) in paragraph at lines 15--15
[]|\T1/ppl/m/n/9 (+20) Cov. fi-


LaTeX Warning: Reference `LastPage' on page 31 undefined on input line 18.


Package fancyhdr Warning: \headheight is too small (12.0pt): 
(fancyhdr)                Make it at least 18.18796pt, for example:
(fancyhdr)                \setlength{\headheight}{18.18796pt}.
(fancyhdr)                You might also make \topmargin smaller:
(fancyhdr)                \addtolength{\topmargin}{-6.18796pt}.

[31 <./figs/fig06_attribute_error.pdf> <./figs/fig24_attribute_salience_error_s
catter.pdf>]) (./tables/table_symbolic_baselines.tex
Underfull \hbox (badness 10000) in paragraph at lines 14--14
[]|\T1/ppl/m/n/9 (+20) Avg.

Overfull \hbox (7.42676pt too wide) in paragraph at lines 14--14
[]|\T1/ppl/m/n/9 (-20) Coverage| 

Overfull \hbox (13.23003pt too wide) in paragraph at lines 14--14
[]|\T1/ppl/m/n/9 (-20) Abstention| 

Underfull \hbox (badness 10000) in paragraph at lines 14--14
[]|\T1/ppl/m/n/9 (+20) Cov.

Underfull \hbox (badness 10000) in paragraph at lines 14--14
[]|\T1/ppl/m/n/9 (+20) All

Overfull \hbox (1.0499pt too wide) in paragraph at lines 14--14
[]|\T1/ppl/m/n/9 (-20) Conflict| 
) (./tables/table_explainability_metrics.tex) (./tables/table_example_rules.tex
)

LaTeX Warning: Reference `LastPage' on page 32 undefined on input line 579.


Package fancyhdr Warning: \headheight is too small (12.0pt): 
(fancyhdr)                Make it at least 18.18796pt, for example:
(fancyhdr)                \setlength{\headheight}{18.18796pt}.
(fancyhdr)                You might also make \topmargin smaller:
(fancyhdr)                \addtolength{\topmargin}{-6.18796pt}.

[32]

LaTeX Warning: Reference `LastPage' on page 33 undefined on input line 597.


Package fancyhdr Warning: \headheight is too small (12.0pt): 
(fancyhdr)                Make it at least 18.18796pt, for example:
(fancyhdr)                \setlength{\headheight}{18.18796pt}.
(fancyhdr)                You might also make \topmargin smaller:
(fancyhdr)                \addtolength{\topmargin}{-6.18796pt}.

[33 <./figs/fig07_wedd_threshold_example.pdf> <./figs/fig08_granules_summary.pd
f>]

LaTeX Warning: Reference `LastPage' on page 34 undefined on input line 615.


Package fancyhdr Warning: \headheight is too small (12.0pt): 
(fancyhdr)                Make it at least 18.18796pt, for example:
(fancyhdr)                \setlength{\headheight}{18.18796pt}.
(fancyhdr)                You might also make \topmargin smaller:
(fancyhdr)                \addtolength{\topmargin}{-6.18796pt}.

[34 <./figs/fig09_rule_support_confidence.pdf> <./figs/fig10_awa2_ablation_accu
racy.pdf> <./figs/fig15_coverage_abstention_tradeoff.pdf>]

LaTeX Warning: Reference `tab:local_xai_agreement' on page 35 undefined on inpu
t line 625.


LaTeX Warning: Reference `tab:cbm_tcav_baselines' on page 35 undefined on input
 line 625.


LaTeX Warning: Reference `tab:enhanced_baseline_synthesis' on page 35 undefined
 on input line 625.

(./tables/table_local_xai_agreement.tex
Underfull \hbox (badness 10000) in paragraph at lines 13--13
[]|\T1/ppl/m/n/9 (+20) Mean rule
) (./tables/table_cbm_tcav_baselines.tex
Underfull \hbox (badness 10000) in paragraph at lines 13--13
[]|\T1/ppl/m/n/9 (+20) Concept

Underfull \hbox (badness 10000) in paragraph at lines 13--13
[]|\T1/ppl/m/n/9 (+20) Score/Top-

Overfull \hbox (4.99496pt too wide) in paragraph at lines 13--13
[]|\T1/ppl/m/n/9 (-20) Overlap/Top-

Underfull \hbox (badness 10000) in paragraph at lines 13--13
[]|\T1/ppl/m/n/9 (+20) Macro-

Overfull \hbox (7.33443pt too wide) in paragraph at lines 13--13
\T1/ppl/m/n/9 (-20) F1/Sensitivity| 
)

LaTeX Warning: Reference `tab:protocol_b' on page 35 undefined on input line 63
3.


LaTeX Warning: Reference `fig:protocol_b_app' on page 35 undefined on input lin
e 633.


LaTeX Warning: Reference `fig:protocol_b_perclass_errors' on page 35 undefined 
on input line 633.



LaTeX Warning: Reference `LastPage' on page 35 undefined on input line 634.


Package fancyhdr Warning: \headheight is too small (12.0pt): 
(fancyhdr)                Make it at least 18.18796pt, for example:
(fancyhdr)                \setlength{\headheight}{18.18796pt}.
(fancyhdr)                You might also make \topmargin smaller:
(fancyhdr)                \addtolength{\topmargin}{-6.18796pt}.

[35 <./figs/fig20_explainability_quality_matrix.pdf> <./figs/fig21_rule_inferen
ce_flow_funnel.pdf>] (./tables/table_protocol_b.tex)

LaTeX Warning: Reference `tab:synthetic_ground_truth' on page 36 undefined on i
nput line 652.


LaTeX Warning: Reference `tab:synthetic_noise' on page 36 undefined on input li
ne 652.


LaTeX Warning: Reference `fig:synthetic_degradation' on page 36 undefined on in
put line 652.


LaTeX Warning: Reference `fig:threshold_recovery' on page 36 undefined on input
 line 652.



LaTeX Warning: Reference `LastPage' on page 36 undefined on input line 653.


Package fancyhdr Warning: \headheight is too small (12.0pt): 
(fancyhdr)                Make it at least 18.18796pt, for example:
(fancyhdr)                \setlength{\headheight}{18.18796pt}.
(fancyhdr)                You might also make \topmargin smaller:
(fancyhdr)                \addtolength{\topmargin}{-6.18796pt}.

[36 <./figs/fig11_protocol_b_unseen_accuracy.pdf> <./figs/fig23_protocol_b_perc
lass_errors.pdf>] (./tables/table_synthetic_ground_truth.tex)
(./tables/table_synthetic_noise.tex
Underfull \hbox (badness 10000) in alignment at lines 17--17
[][][][][][][] 
)

LaTeX Warning: Reference `LastPage' on page 37 undefined on input line 668.


Package fancyhdr Warning: \headheight is too small (12.0pt): 
(fancyhdr)                Make it at least 18.18796pt, for example:
(fancyhdr)                \setlength{\headheight}{18.18796pt}.
(fancyhdr)                You might also make \topmargin smaller:
(fancyhdr)                \addtolength{\topmargin}{-6.18796pt}.

[37 <./figs/fig12_synthetic_degradation.pdf>]

LaTeX Warning: Reference `fig:traces' on page 38 undefined on input line 672.


LaTeX Warning: Reference `tab:rule_stability' on page 38 undefined on input lin
e 672.


LaTeX Warning: Reference `fig:rule_stability' on page 38 undefined on input lin
e 672.

(./tables/table_rule_stability.tex
Underfull \hbox (badness 10000) in paragraph at lines 16--16
[]|\T1/ppl/m/n/9 (+20) Rule con-sis-

Underfull \hbox (badness 10000) in paragraph at lines 16--16
[]|\T1/ppl/m/n/9 (+20) Coverage
)

LaTeX Warning: Reference `LastPage' on page 38 undefined on input line 687.


Package fancyhdr Warning: \headheight is too small (12.0pt): 
(fancyhdr)                Make it at least 18.18796pt, for example:
(fancyhdr)                \setlength{\headheight}{18.18796pt}.
(fancyhdr)                You might also make \topmargin smaller:
(fancyhdr)                \addtolength{\topmargin}{-6.18796pt}.

[38 <./figs/fig13_synthetic_threshold_recovery.pdf> <./figs/fig14_representativ
e_rule_traces.pdf>]

LaTeX Warning: Reference `tab:related_work' on page 39 undefined on input line 
691.


LaTeX Warning: Reference `tab:artifact_inventory' on page 39 undefined on input
 line 691.

(./tables/table_related_work.tex
Underfull \hbox (badness 10000) in paragraph at lines 20--20
[]|\T1/ppl/m/n/9 (+20) Weighted

Underfull \hbox (badness 4846) in paragraph at lines 20--20
\T1/ppl/m/n/9 (+20) lo-cal sur-ro-

Underfull \hbox (badness 7433) in paragraph at lines 20--20
\T1/ppl/m/n/9 (+20) lo-cal-ity de-

Underfull \hbox (badness 10000) in paragraph at lines 20--20
[]|\T1/ppl/m/n/9 (+20) Additive

Underfull \hbox (badness 10000) in paragraph at lines 20--20
[]|\T1/ppl/m/n/9 (+20) Can be

Underfull \hbox (badness 10000) in paragraph at lines 20--20
\T1/ppl/m/n/9 (+20) costly and

Underfull \hbox (badness 3861) in paragraph at lines 20--20
\T1/ppl/m/n/9 (+20) not a rule-

Underfull \hbox (badness 10000) in paragraph at lines 20--20
[]|\T1/ppl/m/n/9 (+20) Concept

Underfull \hbox (badness 10000) in paragraph at lines 20--20
\T1/ppl/m/n/9 (+20) di-rec-tional

Underfull \hbox (badness 10000) in paragraph at lines 20--20
[]|\T1/ppl/m/n/9 (+20) Requires

Underfull \hbox (badness 10000) in paragraph at lines 20--20
\T1/ppl/m/n/9 (+20) con-cept

Underfull \hbox (badness 10000) in paragraph at lines 20--20
\T1/ppl/m/n/9 (+20) ex-am-ples

Underfull \hbox (badness 10000) in paragraph at lines 20--20
\T1/ppl/m/n/9 (+20) and layer

Underfull \hbox (badness 1226) in paragraph at lines 20--20
\T1/ppl/m/n/9 (+20) tle-neck pre-

Underfull \hbox (badness 10000) in paragraph at lines 20--20
[]|\T1/ppl/m/n/9 (+20) Requires

Underfull \hbox (badness 10000) in paragraph at lines 20--20
\T1/ppl/m/n/9 (+20) con-cept

Underfull \hbox (badness 10000) in paragraph at lines 20--20
\T1/ppl/m/n/9 (+20) su-per-vi-sion

Underfull \hbox (badness 10000) in paragraph at lines 20--20
[]|\T1/ppl/m/n/9 (+20) Implicit

Underfull \hbox (badness 10000) in paragraph at lines 20--20
[]|\T1/ppl/m/n/9 (+20) Separate-

Underfull \hbox (badness 10000) in paragraph at lines 20--20
\T1/ppl/m/n/9 (+20) and-

Underfull \hbox (badness 10000) in paragraph at lines 20--20
\T1/ppl/m/n/9 (+20) conquer

Underfull \hbox (badness 10000) in paragraph at lines 20--20
\T1/ppl/m/n/9 (+20) dis-cretiza-

Underfull \hbox (badness 10000) in paragraph at lines 20--20
\T1/ppl/m/n/9 (+20) tion and

Underfull \hbox (badness 10000) in paragraph at lines 20--20
[]|\T1/ppl/m/n/9 (+20) Reducts

Underfull \hbox (badness 10000) in paragraph at lines 20--20
\T1/ppl/m/n/9 (+20) and lower

Underfull \hbox (badness 10000) in paragraph at lines 20--20
\T1/ppl/m/n/9 (+20) ap-prox-i-ma-

Underfull \hbox (badness 10000) in paragraph at lines 20--20
[]|\T1/ppl/m/n/9 (+20) Needs

Underfull \hbox (badness 10000) in paragraph at lines 20--20
\T1/ppl/m/n/9 (+20) sym-bolic

Underfull \hbox (badness 10000) in paragraph at lines 20--20
\T1/ppl/m/n/9 (+20) de-ci-sion

Underfull \hbox (badness 10000) in paragraph at lines 20--20
[]|\T1/ppl/m/n/9 (+20) Semantic

Underfull \hbox (badness 10000) in paragraph at lines 20--20
\T1/ppl/m/n/9 (+20) re-con-struc-

Underfull \hbox (badness 10000) in paragraph at lines 20--20
[]|\T1/ppl/m/n/9 (+20) Continuous

Underfull \hbox (badness 10000) in paragraph at lines 20--20
\T1/ppl/m/n/9 (+20) in-stance

Underfull \hbox (badness 10000) in paragraph at lines 20--20
[]|\T1/ppl/m/n/9 (+20) Transition,

Underfull \hbox (badness 10000) in paragraph at lines 20--20
\T1/ppl/m/n/9 (+20) WEDD,

Underfull \hbox (badness 10000) in paragraph at lines 20--20
\T1/ppl/m/n/9 (+20) rough-set

Underfull \hbox (badness 10000) in paragraph at lines 20--20
[]|\T1/ppl/m/n/9 (+20) Trades ac-

Underfull \hbox (badness 10000) in paragraph at lines 20--20
\T1/ppl/m/n/9 (+20) cu-racy for

Underfull \hbox (badness 10000) in paragraph at lines 20--20
\T1/ppl/m/n/9 (+20) au-ditabil-ity

Underfull \hbox (badness 1960) in paragraph at lines 20--20
\T1/ppl/m/n/9 (+20) and ab-sten-
)

LaTeX Warning: Reference `LastPage' on page 39 undefined on input line 694.


Package fancyhdr Warning: \headheight is too small (12.0pt): 
(fancyhdr)                Make it at least 18.18796pt, for example:
(fancyhdr)                \setlength{\headheight}{18.18796pt}.
(fancyhdr)                You might also make \topmargin smaller:
(fancyhdr)                \addtolength{\topmargin}{-6.18796pt}.

[39 <./figs/fig16_rule_stability_noise.pdf>]

Package natbib Warning: Citation `Arrieta2020XAI' undefined on input line 716.


Package natbib Warning: Citation `Guidotti2018Survey' undefined on input line 7
16.


Package natbib Warning: Citation `Longo2024XAI' undefined on input line 716.


Package natbib Warning: Citation `Samek2021Explaining' undefined on input line 
716.


Package natbib Warning: Citation `Molnar2022Interpretable' undefined on input l
ine 716.


Package natbib Warning: Citation `Guidotti2019LORE' undefined on input line 716
.


Package natbib Warning: Citation `Setzu2021GLocalX' undefined on input line 716
.


Package natbib Warning: Citation `Ming2018RuleMatrix' undefined on input line 7
16.


Package natbib Warning: Citation `Cortes1995SVM' undefined on input line 716.


Package natbib Warning: Citation `Tibshirani1996Lasso' undefined on input line 
716.


Package natbib Warning: Citation `Pedregosa2011ScikitLearn' undefined on input 
line 716.


Package natbib Warning: Citation `Harris2020Array' undefined on input line 716.



Package natbib Warning: Citation `McKinney2010Pandas' undefined on input line 7
16.


Package natbib Warning: Citation `Hunter2007Matplotlib' undefined on input line
 716.


Package natbib Warning: Citation `Lampert2009Attribute' undefined on input line
 716.


Package natbib Warning: Citation `Ghorbani2019ACE' undefined on input line 716.


No file manuscript.bbl.

Package natbib Warning: There were undefined citations.



LaTeX Warning: Reference `LastPage' on page 40 undefined on input line 724.


Package fancyhdr Warning: \headheight is too small (12.0pt): 
(fancyhdr)                Make it at least 18.18796pt, for example:
(fancyhdr)                \setlength{\headheight}{18.18796pt}.
(fancyhdr)                You might also make \topmargin smaller:
(fancyhdr)                \addtolength{\topmargin}{-6.18796pt}.

[40] 
enddocument/afterlastpage (AED): lastpage setting LastPage.
(./manuscript.aux)

LaTeX Warning: There were undefined references.


LaTeX Warning: Label(s) may have changed. Rerun to get cross-references right.


Package rerunfilecheck Warning: File `manuscript.out' has changed.
(rerunfilecheck)                Rerun to get outlines right
(rerunfilecheck)                or use package `bookmark'.


Package lastpage Warning: Rerun to get the references right on input line 724.

 )
(see the transcript file for additional information)</usr/share/texlive/texmf-d
ist/fonts/type1/public/amsfonts/cm/cmex10.pfb></usr/share/texlive/texmf-dist/fo
nts/type1/public/amsfonts/cm/cmmi10.pfb></usr/share/texlive/texmf-dist/fonts/ty
pe1/public/amsfonts/cm/cmr10.pfb></usr/share/texlive/texmf-dist/fonts/type1/pub
lic/amsfonts/cm/cmsy10.pfb></usr/share/texlive/texmf-dist/fonts/type1/public/ma
thpazo/fplmr.pfb></usr/share/texlive/texmf-dist/fonts/type1/public/mathpazo/fpl
mri.pfb></usr/share/texlive/texmf-dist/fonts/type1/public/amsfonts/symbols/msbm
10.pfb></usr/share/texmf/fonts/type1/public/cm-super/sfss0800.pfb></usr/share/t
exmf/fonts/type1/public/cm-super/sftt0900.pfb></usr/share/texmf/fonts/type1/pub
lic/cm-super/sftt1000.pfb></usr/share/texlive/texmf-dist/fonts/type1/urw/palati
no/uplb8a.pfb></usr/share/texlive/texmf-dist/fonts/type1/urw/palatino/uplr8a.pf
b></usr/share/texlive/texmf-dist/fonts/type1/urw/palatino/uplri8a.pfb>
Output written on manuscript.pdf (40 pages, 657622 bytes).
Transcript written on manuscript.log.
