This is pdfTeX, Version 3.141592653-2.6-1.40.26 (TeX Live 2025/dev/Debian) (preloaded format=pdflatex)
 restricted \write18 enabled.
entering extended mode
(./manuscript.tex
LaTeX2e <2024-11-01> patch level 2
L3 programming layer <2025-01-18>
(./Definitions/mdpi.cls
Document Class: Definitions/mdpi 13/03/2026 MDPI paper class
(/usr/share/texlive/texmf-dist/tex/latex/base/article.cls
Document Class: article 2024/06/29 v1.4n Standard LaTeX document class
(/usr/share/texlive/texmf-dist/tex/latex/base/size10.clo))
(/usr/share/texlive/texmf-dist/tex/latex/base/fontenc.sty)
(/usr/share/texlive/texmf-dist/tex/latex/base/inputenc.sty)
(/usr/share/texlive/texmf-dist/tex/latex/tools/calc.sty)
(/usr/share/texlive/texmf-dist/tex/latex/tools/indentfirst.sty)
(/usr/share/texlive/texmf-dist/tex/latex/fancyhdr/fancyhdr.sty)
(/usr/share/texlive/texmf-dist/tex/latex/graphics/graphicx.sty
(/usr/share/texlive/texmf-dist/tex/latex/graphics/keyval.sty)
(/usr/share/texlive/texmf-dist/tex/latex/graphics/graphics.sty
(/usr/share/texlive/texmf-dist/tex/latex/graphics/trig.sty)
(/usr/share/texlive/texmf-dist/tex/latex/graphics-cfg/graphics.cfg)
(/usr/share/texlive/texmf-dist/tex/latex/graphics-def/pdftex.def)))
(/usr/share/texlive/texmf-dist/tex/latex/epstopdf-pkg/epstopdf.sty
(/usr/share/texlive/texmf-dist/tex/generic/infwarerr/infwarerr.sty)
(/usr/share/texlive/texmf-dist/tex/latex/grfext/grfext.sty
(/usr/share/texlive/texmf-dist/tex/generic/kvdefinekeys/kvdefinekeys.sty))
(/usr/share/texlive/texmf-dist/tex/latex/kvoptions/kvoptions.sty
(/usr/share/texlive/texmf-dist/tex/generic/ltxcmds/ltxcmds.sty)
(/usr/share/texlive/texmf-dist/tex/latex/kvsetkeys/kvsetkeys.sty))
(/usr/share/texlive/texmf-dist/tex/generic/pdftexcmds/pdftexcmds.sty
(/usr/share/texlive/texmf-dist/tex/generic/iftex/iftex.sty))
(/usr/share/texlive/texmf-dist/tex/latex/epstopdf-pkg/epstopdf-base.sty
(/usr/share/texlive/texmf-dist/tex/latex/latexconfig/epstopdf-sys.cfg)))
(/usr/share/texlive/texmf-dist/tex/latex/lastpage/lastpage.sty
(/usr/share/texlive/texmf-dist/tex/latex/lastpage/lastpage2e.sty
(/usr/share/texlive/texmf-dist/tex/latex/lastpage/lastpagemodern.sty) 
)) (/usr/share/texlive/texmf-dist/tex/latex/base/ifthen.sty)
(/usr/share/texlive/texmf-dist/tex/latex/float/float.sty)
(/usr/share/texlive/texmf-dist/tex/latex/amsmath/amsmath.sty
For additional information on amsmath, use the `?' option.
(/usr/share/texlive/texmf-dist/tex/latex/amsmath/amstext.sty
(/usr/share/texlive/texmf-dist/tex/latex/amsmath/amsgen.sty))
(/usr/share/texlive/texmf-dist/tex/latex/amsmath/amsbsy.sty)
(/usr/share/texlive/texmf-dist/tex/latex/amsmath/amsopn.sty))
(/usr/share/texlive/texmf-dist/tex/latex/amsfonts/amssymb.sty
(/usr/share/texlive/texmf-dist/tex/latex/amsfonts/amsfonts.sty))
(/usr/share/texlive/texmf-dist/tex/latex/lineno/lineno.sty
(/usr/share/texlive/texmf-dist/tex/latex/etoolbox/etoolbox.sty))
(/usr/share/texlive/texmf-dist/tex/latex/setspace/setspace.sty)
(/usr/share/texlive/texmf-dist/tex/latex/enumitem/enumitem.sty)
(/usr/share/texlive/texmf-dist/tex/latex/psnfss/mathpazo.sty)
(/usr/share/texlive/texmf-dist/tex/latex/booktabs/booktabs.sty)
(/usr/share/texlive/texmf-dist/tex/latex/titlesec/titlesec.sty)
(/usr/share/texlive/texmf-dist/tex/latex/tabto-ltx/tabto.sty)
(/usr/share/texlive/texmf-dist/tex/latex/xcolor/xcolor.sty
(/usr/share/texlive/texmf-dist/tex/latex/graphics-cfg/color.cfg)
(/usr/share/texlive/texmf-dist/tex/latex/graphics/mathcolor.ltx))
(/usr/share/texlive/texmf-dist/tex/latex/colortbl/colortbl.sty
(/usr/share/texlive/texmf-dist/tex/latex/tools/array.sty))
(/usr/share/texlive/texmf-dist/tex/generic/soul/soul.sty
(/usr/share/texlive/texmf-dist/tex/generic/soul/soul-ori.sty)
(/usr/share/texlive/texmf-dist/tex/generic/etexcmds/etexcmds.sty))
(/usr/share/texlive/texmf-dist/tex/latex/multirow/multirow.sty)
(/usr/share/texlive/texmf-dist/tex/latex/microtype/microtype.sty
(/usr/share/texlive/texmf-dist/tex/latex/microtype/microtype-pdftex.def)
(/usr/share/texlive/texmf-dist/tex/latex/microtype/microtype.cfg))
(/usr/share/texlive/texmf-dist/tex/latex/pgf/frontendlayer/tikz.sty
(/usr/share/texlive/texmf-dist/tex/latex/pgf/basiclayer/pgf.sty
(/usr/share/texlive/texmf-dist/tex/latex/pgf/utilities/pgfrcs.sty
(/usr/share/texlive/texmf-dist/tex/generic/pgf/utilities/pgfutil-common.tex)
(/usr/share/texlive/texmf-dist/tex/generic/pgf/utilities/pgfutil-latex.def)
(/usr/share/texlive/texmf-dist/tex/generic/pgf/utilities/pgfrcs.code.tex
(/usr/share/texlive/texmf-dist/tex/generic/pgf/pgf.revision.tex)))
(/usr/share/texlive/texmf-dist/tex/latex/pgf/basiclayer/pgfcore.sty
(/usr/share/texlive/texmf-dist/tex/latex/pgf/systemlayer/pgfsys.sty
(/usr/share/texlive/texmf-dist/tex/generic/pgf/systemlayer/pgfsys.code.tex
(/usr/share/texlive/texmf-dist/tex/generic/pgf/utilities/pgfkeys.code.tex
(/usr/share/texlive/texmf-dist/tex/generic/pgf/utilities/pgfkeyslibraryfiltered
.code.tex)) (/usr/share/texlive/texmf-dist/tex/generic/pgf/systemlayer/pgf.cfg)
(/usr/share/texlive/texmf-dist/tex/generic/pgf/systemlayer/pgfsys-pdftex.def
(/usr/share/texlive/texmf-dist/tex/generic/pgf/systemlayer/pgfsys-common-pdf.de
f)))
(/usr/share/texlive/texmf-dist/tex/generic/pgf/systemlayer/pgfsyssoftpath.code.
tex)
(/usr/share/texlive/texmf-dist/tex/generic/pgf/systemlayer/pgfsysprotocol.code.
tex))

LaTeX Warning: Package "xcolor" has already been loaded: ignoring load-time
(LaTeX)        option "pdftex".

(/usr/share/texlive/texmf-dist/tex/generic/pgf/basiclayer/pgfcore.code.tex
(/usr/share/texlive/texmf-dist/tex/generic/pgf/math/pgfmath.code.tex
(/usr/share/texlive/texmf-dist/tex/generic/pgf/math/pgfmathutil.code.tex)
(/usr/share/texlive/texmf-dist/tex/generic/pgf/math/pgfmathparser.code.tex)
(/usr/share/texlive/texmf-dist/tex/generic/pgf/math/pgfmathfunctions.code.tex)
(/usr/share/texlive/texmf-dist/tex/generic/pgf/math/pgfmathfunctions.basic.code
.tex)
(/usr/share/texlive/texmf-dist/tex/generic/pgf/math/pgfmathfunctions.trigonomet
ric.code.tex)
(/usr/share/texlive/texmf-dist/tex/generic/pgf/math/pgfmathfunctions.random.cod
e.tex)
(/usr/share/texlive/texmf-dist/tex/generic/pgf/math/pgfmathfunctions.comparison
.code.tex)
(/usr/share/texlive/texmf-dist/tex/generic/pgf/math/pgfmathfunctions.base.code.
tex)
(/usr/share/texlive/texmf-dist/tex/generic/pgf/math/pgfmathfunctions.round.code
.tex)
(/usr/share/texlive/texmf-dist/tex/generic/pgf/math/pgfmathfunctions.misc.code.
tex)
(/usr/share/texlive/texmf-dist/tex/generic/pgf/math/pgfmathfunctions.integerari
thmetics.code.tex)
(/usr/share/texlive/texmf-dist/tex/generic/pgf/math/pgfmathcalc.code.tex)
(/usr/share/texlive/texmf-dist/tex/generic/pgf/math/pgfmathfloat.code.tex))
(/usr/share/texlive/texmf-dist/tex/generic/pgf/math/pgfint.code.tex)
(/usr/share/texlive/texmf-dist/tex/generic/pgf/basiclayer/pgfcorepoints.code.te
x)
(/usr/share/texlive/texmf-dist/tex/generic/pgf/basiclayer/pgfcorepathconstruct.
code.tex)
(/usr/share/texlive/texmf-dist/tex/generic/pgf/basiclayer/pgfcorepathusage.code
.tex)
(/usr/share/texlive/texmf-dist/tex/generic/pgf/basiclayer/pgfcorescopes.code.te
x)
(/usr/share/texlive/texmf-dist/tex/generic/pgf/basiclayer/pgfcoregraphicstate.c
ode.tex)
(/usr/share/texlive/texmf-dist/tex/generic/pgf/basiclayer/pgfcoretransformation
s.code.tex)
(/usr/share/texlive/texmf-dist/tex/generic/pgf/basiclayer/pgfcorequick.code.tex
)
(/usr/share/texlive/texmf-dist/tex/generic/pgf/basiclayer/pgfcoreobjects.code.t
ex)
(/usr/share/texlive/texmf-dist/tex/generic/pgf/basiclayer/pgfcorepathprocessing
.code.tex)
(/usr/share/texlive/texmf-dist/tex/generic/pgf/basiclayer/pgfcorearrows.code.te
x)
(/usr/share/texlive/texmf-dist/tex/generic/pgf/basiclayer/pgfcoreshade.code.tex
)
(/usr/share/texlive/texmf-dist/tex/generic/pgf/basiclayer/pgfcoreimage.code.tex
)
(/usr/share/texlive/texmf-dist/tex/generic/pgf/basiclayer/pgfcoreexternal.code.
tex)
(/usr/share/texlive/texmf-dist/tex/generic/pgf/basiclayer/pgfcorelayers.code.te
x)
(/usr/share/texlive/texmf-dist/tex/generic/pgf/basiclayer/pgfcoretransparency.c
ode.tex)
(/usr/share/texlive/texmf-dist/tex/generic/pgf/basiclayer/pgfcorepatterns.code.
tex)
(/usr/share/texlive/texmf-dist/tex/generic/pgf/basiclayer/pgfcorerdf.code.tex))
)
(/usr/share/texlive/texmf-dist/tex/generic/pgf/modules/pgfmoduleshapes.code.tex
) (/usr/share/texlive/texmf-dist/tex/generic/pgf/modules/pgfmoduleplot.code.tex
)
(/usr/share/texlive/texmf-dist/tex/latex/pgf/compatibility/pgfcomp-version-0-65
.sty)
(/usr/share/texlive/texmf-dist/tex/latex/pgf/compatibility/pgfcomp-version-1-18
.sty)) (/usr/share/texlive/texmf-dist/tex/latex/pgf/utilities/pgffor.sty
(/usr/share/texlive/texmf-dist/tex/latex/pgf/utilities/pgfkeys.sty
(/usr/share/texlive/texmf-dist/tex/generic/pgf/utilities/pgfkeys.code.tex))
(/usr/share/texlive/texmf-dist/tex/latex/pgf/math/pgfmath.sty
(/usr/share/texlive/texmf-dist/tex/generic/pgf/math/pgfmath.code.tex))
(/usr/share/texlive/texmf-dist/tex/generic/pgf/utilities/pgffor.code.tex))
(/usr/share/texlive/texmf-dist/tex/generic/pgf/frontendlayer/tikz/tikz.code.tex

(/usr/share/texlive/texmf-dist/tex/generic/pgf/libraries/pgflibraryplothandlers
.code.tex)
(/usr/share/texlive/texmf-dist/tex/generic/pgf/modules/pgfmodulematrix.code.tex
)
(/usr/share/texlive/texmf-dist/tex/generic/pgf/frontendlayer/tikz/libraries/tik
zlibrarytopaths.code.tex)))
(/usr/share/texlive/texmf-dist/tex/latex/refcount/refcount.sty)
(/usr/share/texlive/texmf-dist/tex/latex/changepage/changepage.sty)
(/usr/share/texlive/texmf-dist/tex/latex/frankenstein/attrib.sty
(/usr/share/texlive/texmf-dist/tex/latex/frankenstein/moredefs.sty))
(/usr/share/texlive/texmf-dist/tex/latex/was/upgreek.sty)
(/usr/share/texlive/texmf-dist/tex/latex/tools/tabularx.sty)
(/usr/share/texlive/texmf-dist/tex/latex/pbox/pbox.sty)
(/usr/share/texlive/texmf-dist/tex/latex/ragged2e/ragged2e.sty)
(/usr/share/texlive/texmf-dist/tex/latex/tocloft/tocloft.sty)
(/usr/share/texlive/texmf-dist/tex/latex/marginnote/marginnote.sty)
(/usr/share/texlive/texmf-dist/tex/latex/marginfix/marginfix.sty)
(/usr/share/texlive/texmf-dist/tex/latex/enotez/enotez.sty
(/usr/share/texlive/texmf-dist/tex/latex/l3kernel/expl3.sty
(/usr/share/texlive/texmf-dist/tex/latex/l3backend/l3backend-pdftex.def))
(/usr/share/texlive/texmf-dist/tex/latex/l3packages/xparse/xparse.sty)
(/usr/share/texlive/texmf-dist/tex/latex/l3packages/l3keys2e/l3keys2e.sty)
(/usr/share/texlive/texmf-dist/tex/latex/l3packages/xtemplate/xtemplate.sty)
(/usr/share/texlive/texmf-dist/tex/latex/translations/translations.sty))
(/usr/share/texlive/texmf-dist/tex/generic/xstring/xstring.sty
(/usr/share/texlive/texmf-dist/tex/generic/xstring/xstring.tex))
(/usr/share/texlive/texmf-dist/tex/latex/subfig/subfig.sty
(/usr/share/texlive/texmf-dist/tex/latex/caption/caption.sty
(/usr/share/texlive/texmf-dist/tex/latex/caption/caption3.sty)))
(/usr/share/texlive/texmf-dist/tex/generic/alphalph/alphalph.sty
(/usr/share/texlive/texmf-dist/tex/generic/intcalc/intcalc.sty))
(./Definitions/journalnames.tex)
(/usr/share/texlive/texmf-dist/tex/latex/amscls/amsthm.sty)
(/usr/share/texlive/texmf-dist/tex/latex/natbib/natbib.sty)
(/usr/share/texlive/texmf-dist/tex/latex/koma-script/scrextend.sty
(/usr/share/texlive/texmf-dist/tex/latex/koma-script/scrkbase.sty
(/usr/share/texlive/texmf-dist/tex/latex/koma-script/scrbase.sty
(/usr/share/texlive/texmf-dist/tex/latex/koma-script/scrlfile.sty
(/usr/share/texlive/texmf-dist/tex/latex/koma-script/scrlfile-hook.sty
(/usr/share/texlive/texmf-dist/tex/latex/koma-script/scrlogo.sty))))))
(/usr/share/texlive/texmf-dist/tex/latex/geometry/geometry.sty
(/usr/share/texlive/texmf-dist/tex/generic/iftex/ifvtex.sty))
(/usr/share/texlive/texmf-dist/tex/latex/newfloat/newfloat.sty)
(/usr/share/texlive/texmf-dist/tex/latex/seqsplit/seqsplit.sty))
(/usr/share/texlive/texmf-dist/tex/latex/algorithms/algorithm.sty)
(/usr/share/texlive/texmf-dist/tex/latex/algorithmicx/algpseudocode.sty
(/usr/share/texlive/texmf-dist/tex/latex/algorithmicx/algorithmicx.sty
Document Style algorithmicx 1.2 - a greatly improved `algorithmic' style
)
Document Style - pseudocode environments for use with the `algorithmicx' style
)
(/usr/share/texlive/texmf-dist/tex/generic/pgf/libraries/pgflibraryarrows.meta.
code.tex)
(/usr/share/texlive/texmf-dist/tex/generic/pgf/frontendlayer/tikz/libraries/tik
zlibrarypositioning.code.tex)
(/usr/share/texlive/texmf-dist/tex/generic/pgf/frontendlayer/tikz/libraries/tik
zlibraryfit.code.tex)
(/usr/share/texlive/texmf-dist/tex/generic/pgf/frontendlayer/tikz/libraries/tik
zlibraryshapes.geometric.code.tex
(/usr/share/texlive/texmf-dist/tex/generic/pgf/libraries/shapes/pgflibraryshape
s.geometric.code.tex))
(/usr/share/texlive/texmf-dist/tex/generic/pgf/frontendlayer/tikz/libraries/tik
zlibrarycalc.code.tex) (/usr/share/texlive/texmf-dist/tex/latex/url/url.sty)
(/usr/share/texlive/texmf-dist/tex/latex/hyperref/hyperref.sty
(/usr/share/texlive/texmf-dist/tex/generic/pdfescape/pdfescape.sty)
(/usr/share/texlive/texmf-dist/tex/latex/hycolor/hycolor.sty)
(/usr/share/texlive/texmf-dist/tex/latex/hyperref/nameref.sty
(/usr/share/texlive/texmf-dist/tex/generic/gettitlestring/gettitlestring.sty))
(/usr/share/texlive/texmf-dist/tex/generic/stringenc/stringenc.sty)
(/usr/share/texlive/texmf-dist/tex/latex/hyperref/pd1enc.def)
(/usr/share/texlive/texmf-dist/tex/latex/hyperref/puenc.def)
(/usr/share/texlive/texmf-dist/tex/generic/bitset/bitset.sty
(/usr/share/texlive/texmf-dist/tex/generic/bigintcalc/bigintcalc.sty))
(/usr/share/texlive/texmf-dist/tex/latex/base/atbegshi-ltx.sty))
(/usr/share/texlive/texmf-dist/tex/latex/hyperref/hpdftex.def
(/usr/share/texlive/texmf-dist/tex/latex/base/atveryend-ltx.sty)
(/usr/share/texlive/texmf-dist/tex/latex/rerunfilecheck/rerunfilecheck.sty
(/usr/share/texlive/texmf-dist/tex/generic/uniquecounter/uniquecounter.sty)))
(/usr/share/texlive/texmf-dist/tex/latex/cleveref/cleveref.sty)
(/usr/share/texlive/texmf-dist/tex/latex/psnfss/t1ppl.fd)
No file manuscript.aux.
(/usr/share/texlive/texmf-dist/tex/context/base/mkii/supp-pdf.mkii
[Loading MPS to PDF converter (version 2006.09.02).]
) (/usr/share/texlive/texmf-dist/tex/latex/microtype/mt-ppl.cfg)
(/usr/share/texlive/texmf-dist/tex/latex/translations/translations-basic-dictio
nary-english.trsl)
*geometry* detected driver: pdftex
(/usr/share/texlive/texmf-dist/tex/latex/psnfss/ts1ppl.fd)
(/usr/share/texlive/texmf-dist/tex/latex/psnfss/ot1ppl.fd)
(/usr/share/texlive/texmf-dist/tex/latex/psnfss/omlzplm.fd)
(/usr/share/texlive/texmf-dist/tex/latex/psnfss/omszplm.fd)
(/usr/share/texlive/texmf-dist/tex/latex/psnfss/omxzplm.fd)
(/usr/share/texlive/texmf-dist/tex/latex/microtype/mt-msa.cfg)
(/usr/share/texlive/texmf-dist/tex/latex/microtype/mt-msb.cfg)
(/usr/share/texlive/texmf-dist/tex/latex/psnfss/ot1zplm.fd)
(/usr/share/texlive/texmf-dist/tex/latex/microtype/mt-eur.cfg)

Package hyperref Warning: Token not allowed in a PDF string (Unicode):
(hyperref)                removing `math shift' on input line 73.


Package hyperref Warning: Token not allowed in a PDF string (Unicode):
(hyperref)                removing `\in' on input line 73.


Package hyperref Warning: Token not allowed in a PDF string (Unicode):
(hyperref)                removing `superscript' on input line 73.


Package hyperref Warning: Token not allowed in a PDF string (Unicode):
(hyperref)                removing `\times' on input line 73.


Package hyperref Warning: Token not allowed in a PDF string (Unicode):
(hyperref)                removing `math shift' on input line 73.


Package hyperref Warning: Token not allowed in a PDF string (Unicode):
(hyperref)                removing `\in' on input line 73.


Package hyperref Warning: Token not allowed in a PDF string (Unicode):
(hyperref)                removing `superscript' on input line 73.


Package hyperref Warning: Token not allowed in a PDF string (Unicode):
(hyperref)                removing `\times' on input line 73.


Package hyperref Warning: Token not allowed in a PDF string (Unicode):
(hyperref)                removing `\ell' on input line 73.


Package hyperref Warning: Token not allowed in a PDF string (Unicode):
(hyperref)                removing `math shift' on input line 73.


Package hyperref Warning: Token not allowed in a PDF string (Unicode):
(hyperref)                removing `math shift' on input line 73.


Package hyperref Warning: Token not allowed in a PDF string (Unicode):
(hyperref)                removing `\setbox' on input line 73.


Package hyperref Warning: Token not allowed in a PDF string (Unicode):
(hyperref)                removing `\z@' on input line 73.


Package hyperref Warning: Token not allowed in a PDF string (Unicode):
(hyperref)                removing `\hbox' on input line 73.


Package hyperref Warning: Token not allowed in a PDF string (Unicode):
(hyperref)                removing `\mathsurround' on input line 73.


Package hyperref Warning: Token not allowed in a PDF string (Unicode):
(hyperref)                removing `\z@' on input line 73.


Package hyperref Warning: Token not allowed in a PDF string (Unicode):
(hyperref)                removing `math shift' on input line 73.


Package hyperref Warning: Token not allowed in a PDF string (Unicode):
(hyperref)                removing `\textstyle' on input line 73.


Package hyperref Warning: Token not allowed in a PDF string (Unicode):
(hyperref)                removing `math shift' on input line 73.


Package hyperref Warning: Token not allowed in a PDF string (Unicode):
(hyperref)                removing `\mathaccent' on input line 73.



Package fancyhdr Warning: \headheight is too small (12.0pt): 
(fancyhdr)                Make it at least 20.0pt, for example:
(fancyhdr)                \setlength{\headheight}{20.0pt}.
(fancyhdr)                You might also make \topmargin smaller:
(fancyhdr)                \addtolength{\topmargin}{-8.0pt}.

[1{/var/lib/texmf/fonts/map/pdftex/updmap/pdftex.map}{/usr/share/texlive/texmf-
dist/fonts/enc/dvips/base/8r.enc}{/usr/share/texmf/fonts/enc/dvips/cm-super/cm-
super-t1.enc} <./Definitions/logo-mdpi-eps-converted-to.pdf> <./Definitions/log
o-orcid.pdf>]

Package natbib Warning: Citation `Ribeiro2016LIME' on page 2 undefined on input
 line 82.


Package natbib Warning: Citation `Lundberg2017SHAP' on page 2 undefined on inpu
t line 82.


Package natbib Warning: Citation `Shapley1953Value' on page 2 undefined on inpu
t line 82.


Package natbib Warning: Citation `Kim2018TCAV' on page 2 undefined on input lin
e 82.


Package natbib Warning: Citation `Koh2020ConceptBottleneck' on page 2 undefined
 on input line 82.


Package natbib Warning: Citation `Breiman1984CART' on page 2 undefined on input
 line 82.


Package natbib Warning: Citation `Cohen1995RIPPER' on page 2 undefined on input
 line 82.


Package natbib Warning: Citation `Radiuk2024TransitionMatrix' on page 2 undefin
ed on input line 84.


Package natbib Warning: Citation `Ribeiro2016LIME' on page 2 undefined on input
 line 95.


Package natbib Warning: Citation `Lundberg2017SHAP' on page 2 undefined on inpu
t line 95.


Package natbib Warning: Citation `Lundberg2020FromLocal' on page 2 undefined on
 input line 95.


Package natbib Warning: Citation `Ribeiro2018Anchors' on page 2 undefined on in
put line 95.


Package natbib Warning: Citation `Kim2018TCAV' on page 2 undefined on input lin
e 99.


Package natbib Warning: Citation `Koh2020ConceptBottleneck' on page 2 undefined
 on input line 99.


Package natbib Warning: Citation `Zarlenga2022ConceptEmbedding' on page 2 undef
ined on input line 99.


Package natbib Warning: Citation `Yuksekgonul2023PostHocCBM' on page 2 undefine
d on input line 99.



LaTeX Warning: Reference `LastPage' on page 2 undefined on input line 100.


Package fancyhdr Warning: \headheight is too small (12.0pt): 
(fancyhdr)                Make it at least 18.18796pt, for example:
(fancyhdr)                \setlength{\headheight}{18.18796pt}.
(fancyhdr)                You might also make \topmargin smaller:
(fancyhdr)                \addtolength{\topmargin}{-6.18796pt}.

[2]

Package natbib Warning: Citation `Breiman1984CART' on page 3 undefined on input
 line 103.


Package natbib Warning: Citation `Quinlan1986Induction' on page 3 undefined on 
input line 103.


Package natbib Warning: Citation `Quinlan1993C45' on page 3 undefined on input 
line 103.


Package natbib Warning: Citation `Cohen1995RIPPER' on page 3 undefined on input
 line 103.


Package natbib Warning: Citation `Pawlak1982RoughSets' on page 3 undefined on i
nput line 103.


Package natbib Warning: Citation `Pawlak1991RoughSets' on page 3 undefined on i
nput line 103.


Package natbib Warning: Citation `Fayyad1993Discretization' on page 3 undefined
 on input line 107.


Package natbib Warning: Citation `Silverman1986Density' on page 3 undefined on 
input line 107.


Package natbib Warning: Citation `Eckart1936SVD' on page 3 undefined on input l
ine 107.


Package natbib Warning: Citation `Hoerl1970Ridge' on page 3 undefined on input 
line 107.


Package natbib Warning: Citation `Halko2011RandomizedSVD' on page 3 undefined o
n input line 107.


LaTeX Warning: Reference `tab:related_work' on page 3 undefined on input line 1
07.

(./tables/table_related_work.tex
Underfull \hbox (badness 10000) in paragraph at lines 20--20
[]|\T1/ppl/m/n/9 (+20) Weighted

Underfull \hbox (badness 4846) in paragraph at lines 20--20
\T1/ppl/m/n/9 (+20) lo-cal sur-ro-

Underfull \hbox (badness 7433) in paragraph at lines 20--20
\T1/ppl/m/n/9 (+20) lo-cal-ity de-

Underfull \hbox (badness 10000) in paragraph at lines 20--20
[]|\T1/ppl/m/n/9 (+20) Additive

Underfull \hbox (badness 10000) in paragraph at lines 20--20
[]|\T1/ppl/m/n/9 (+20) Can be

Underfull \hbox (badness 10000) in paragraph at lines 20--20
\T1/ppl/m/n/9 (+20) costly and

Underfull \hbox (badness 3861) in paragraph at lines 20--20
\T1/ppl/m/n/9 (+20) not a rule-

Underfull \hbox (badness 10000) in paragraph at lines 20--20
[]|\T1/ppl/m/n/9 (+20) Concept

Underfull \hbox (badness 10000) in paragraph at lines 20--20
\T1/ppl/m/n/9 (+20) di-rec-tional

Underfull \hbox (badness 10000) in paragraph at lines 20--20
[]|\T1/ppl/m/n/9 (+20) Requires

Underfull \hbox (badness 10000) in paragraph at lines 20--20
\T1/ppl/m/n/9 (+20) con-cept

Underfull \hbox (badness 10000) in paragraph at lines 20--20
\T1/ppl/m/n/9 (+20) ex-am-ples

Underfull \hbox (badness 10000) in paragraph at lines 20--20
\T1/ppl/m/n/9 (+20) and layer

Underfull \hbox (badness 1226) in paragraph at lines 20--20
\T1/ppl/m/n/9 (+20) tle-neck pre-

Underfull \hbox (badness 10000) in paragraph at lines 20--20
[]|\T1/ppl/m/n/9 (+20) Requires

Underfull \hbox (badness 10000) in paragraph at lines 20--20
\T1/ppl/m/n/9 (+20) con-cept

Underfull \hbox (badness 10000) in paragraph at lines 20--20
\T1/ppl/m/n/9 (+20) su-per-vi-sion

Underfull \hbox (badness 10000) in paragraph at lines 20--20
[]|\T1/ppl/m/n/9 (+20) Implicit

Underfull \hbox (badness 10000) in paragraph at lines 20--20
[]|\T1/ppl/m/n/9 (+20) Separate-

Underfull \hbox (badness 10000) in paragraph at lines 20--20
\T1/ppl/m/n/9 (+20) and-

Underfull \hbox (badness 10000) in paragraph at lines 20--20
\T1/ppl/m/n/9 (+20) conquer

Underfull \hbox (badness 10000) in paragraph at lines 20--20
\T1/ppl/m/n/9 (+20) dis-cretiza-

Underfull \hbox (badness 10000) in paragraph at lines 20--20
\T1/ppl/m/n/9 (+20) tion and

Underfull \hbox (badness 10000) in paragraph at lines 20--20
[]|\T1/ppl/m/n/9 (+20) Reducts

Underfull \hbox (badness 10000) in paragraph at lines 20--20
\T1/ppl/m/n/9 (+20) and lower

Underfull \hbox (badness 10000) in paragraph at lines 20--20
\T1/ppl/m/n/9 (+20) ap-prox-i-ma-

Underfull \hbox (badness 10000) in paragraph at lines 20--20
[]|\T1/ppl/m/n/9 (+20) Needs

Underfull \hbox (badness 10000) in paragraph at lines 20--20
\T1/ppl/m/n/9 (+20) sym-bolic

Underfull \hbox (badness 10000) in paragraph at lines 20--20
\T1/ppl/m/n/9 (+20) de-ci-sion

Underfull \hbox (badness 10000) in paragraph at lines 20--20
[]|\T1/ppl/m/n/9 (+20) Semantic

Underfull \hbox (badness 10000) in paragraph at lines 20--20
\T1/ppl/m/n/9 (+20) re-con-struc-

Underfull \hbox (badness 10000) in paragraph at lines 20--20
[]|\T1/ppl/m/n/9 (+20) Continuous

Underfull \hbox (badness 10000) in paragraph at lines 20--20
\T1/ppl/m/n/9 (+20) in-stance

Underfull \hbox (badness 10000) in paragraph at lines 20--20
[]|\T1/ppl/m/n/9 (+20) Transition,

Underfull \hbox (badness 10000) in paragraph at lines 20--20
\T1/ppl/m/n/9 (+20) WEDD,

Underfull \hbox (badness 10000) in paragraph at lines 20--20
\T1/ppl/m/n/9 (+20) rough-set

Underfull \hbox (badness 10000) in paragraph at lines 20--20
[]|\T1/ppl/m/n/9 (+20) Trades ac-

Underfull \hbox (badness 10000) in paragraph at lines 20--20
\T1/ppl/m/n/9 (+20) cu-racy for

Underfull \hbox (badness 10000) in paragraph at lines 20--20
\T1/ppl/m/n/9 (+20) au-ditabil-ity

Underfull \hbox (badness 1960) in paragraph at lines 20--20
\T1/ppl/m/n/9 (+20) and ab-sten-
)

LaTeX Warning: Reference `LastPage' on page 3 undefined on input line 110.


Package fancyhdr Warning: \headheight is too small (12.0pt): 
(fancyhdr)                Make it at least 18.18796pt, for example:
(fancyhdr)                \setlength{\headheight}{18.18796pt}.
(fancyhdr)                You might also make \topmargin smaller:
(fancyhdr)                \addtolength{\topmargin}{-6.18796pt}.

[3]

LaTeX Warning: Reference `LastPage' on page 4 undefined on input line 131.


Package fancyhdr Warning: \headheight is too small (12.0pt): 
(fancyhdr)                Make it at least 18.18796pt, for example:
(fancyhdr)                \setlength{\headheight}{18.18796pt}.
(fancyhdr)                You might also make \topmargin smaller:
(fancyhdr)                \addtolength{\topmargin}{-6.18796pt}.

[4]

LaTeX Warning: Reference `LastPage' on page 5 undefined on input line 181.


Package fancyhdr Warning: \headheight is too small (12.0pt): 
(fancyhdr)                Make it at least 18.18796pt, for example:
(fancyhdr)                \setlength{\headheight}{18.18796pt}.
(fancyhdr)                You might also make \topmargin smaller:
(fancyhdr)                \addtolength{\topmargin}{-6.18796pt}.

[5]

LaTeX Warning: Reference `LastPage' on page 6 undefined on input line 207.


Package fancyhdr Warning: \headheight is too small (12.0pt): 
(fancyhdr)                Make it at least 18.18796pt, for example:
(fancyhdr)                \setlength{\headheight}{18.18796pt}.
(fancyhdr)                You might also make \topmargin smaller:
(fancyhdr)                \addtolength{\topmargin}{-6.18796pt}.

[6]

Package natbib Warning: Citation `AwA2Website' on page 7 undefined on input lin
e 217.


Package natbib Warning: Citation `Xian2019AwA2' on page 7 undefined on input li
ne 217.

(./tables/table_dataset_summary.tex
Underfull \hbox (badness 10000) in alignment at lines 14--14
[][][][][] 
) (./tables/table_feature_extractor_hyperparameters.tex
Underfull \hbox (badness 10000) in paragraph at lines 19--19
[]|\T1/ppl/m/n/9 (+20) alpha=0.65, max_depth=2, min_bin_size=30,
)

LaTeX Warning: Reference `LastPage' on page 7 undefined on input line 223.


Package fancyhdr Warning: \headheight is too small (12.0pt): 
(fancyhdr)                Make it at least 18.18796pt, for example:
(fancyhdr)                \setlength{\headheight}{18.18796pt}.
(fancyhdr)                You might also make \topmargin smaller:
(fancyhdr)                \addtolength{\topmargin}{-6.18796pt}.

[7]

LaTeX Warning: Reference `tab:base_predictor_performance' on page 8 undefined o
n input line 233.

(./tables/table_base_predictor_performance.tex)

LaTeX Warning: Reference `tab:transition_metrics' on page 8 undefined on input 
line 237.


LaTeX Warning: Reference `fig:matrix_alignment' on page 8 undefined on input li
ne 237.


LaTeX Warning: Reference `fig:attribute_error' on page 8 undefined on input lin
e 237.

(./tables/table_transition_metrics.tex
Underfull \hbox (badness 10000) in alignment at lines 14--14
[][][][] 
)

LaTeX Warning: Reference `LastPage' on page 8 undefined on input line 246.


Package fancyhdr Warning: \headheight is too small (12.0pt): 
(fancyhdr)                Make it at least 18.18796pt, for example:
(fancyhdr)                \setlength{\headheight}{18.18796pt}.
(fancyhdr)                You might also make \topmargin smaller:
(fancyhdr)                \addtolength{\topmargin}{-6.18796pt}.

[8]

LaTeX Warning: Reference `LastPage' on page 9 undefined on input line 264.


Package fancyhdr Warning: \headheight is too small (12.0pt): 
(fancyhdr)                Make it at least 18.18796pt, for example:
(fancyhdr)                \setlength{\headheight}{18.18796pt}.
(fancyhdr)                You might also make \topmargin smaller:
(fancyhdr)                \addtolength{\topmargin}{-6.18796pt}.

[9 <./figs/fig01_framework_pipeline.pdf> <./figs/fig02_matrix_alignment.pdf> <.
/figs/fig03_awa2_class_distribution.pdf>]

LaTeX Warning: Reference `tab:selected_attributes' on page 10 undefined on inpu
t line 279.



LaTeX Warning: Reference `LastPage' on page 10 undefined on input line 280.


Package fancyhdr Warning: \headheight is too small (12.0pt): 
(fancyhdr)                Make it at least 18.18796pt, for example:
(fancyhdr)                \setlength{\headheight}{18.18796pt}.
(fancyhdr)                You might also make \topmargin smaller:
(fancyhdr)                \addtolength{\topmargin}{-6.18796pt}.

[10 <./figs/fig04_svd_retained_variance.pdf> <./figs/fig05_transition_salience.
pdf> <./figs/fig06_attribute_error.pdf>]
(./tables/table_selected_attributes.tex
Underfull \hbox (badness 10000) in alignment at lines 23--23
[][][][] 
)

LaTeX Warning: Reference `tab:rulebook_summary' on page 11 undefined on input l
ine 289.


LaTeX Warning: Reference `tab:explainability_metrics' on page 11 undefined on i
nput line 289.

(./tables/table_rulebook_summary.tex
Underfull \hbox (badness 10000) in alignment at lines 19--19
[][] 
) (./tables/table_explainability_metrics.tex)

LaTeX Warning: Reference `LastPage' on page 11 undefined on input line 293.


Package fancyhdr Warning: \headheight is too small (12.0pt): 
(fancyhdr)                Make it at least 18.18796pt, for example:
(fancyhdr)                \setlength{\headheight}{18.18796pt}.
(fancyhdr)                You might also make \topmargin smaller:
(fancyhdr)                \addtolength{\topmargin}{-6.18796pt}.

[11 <./figs/fig07_wedd_threshold_example.pdf>]
(./tables/table_example_rules.tex)

LaTeX Warning: Reference `LastPage' on page 12 undefined on input line 307.


Package fancyhdr Warning: \headheight is too small (12.0pt): 
(fancyhdr)                Make it at least 18.18796pt, for example:
(fancyhdr)                \setlength{\headheight}{18.18796pt}.
(fancyhdr)                You might also make \topmargin smaller:
(fancyhdr)                \addtolength{\topmargin}{-6.18796pt}.

[12 <./figs/fig08_granules_summary.pdf> <./figs/fig09_rule_support_confidence.p
df>]

LaTeX Warning: Reference `tab:wedd_ablation' on page 13 undefined on input line
 310.

(./tables/table_wedd_ablation.tex
Overfull \hbox (0.99248pt too wide) in paragraph at lines 15--15
[]|\T1/ppl/m/n/9 (-20) Thresholds| 

Overfull \hbox (0.62503pt too wide) in paragraph at lines 15--15
[]|\T1/ppl/m/n/9 (-20) Abstention| 

Underfull \hbox (badness 4647) in paragraph at lines 15--15
[]|\T1/ppl/m/n/9 (+20) Cov. fi-
)

LaTeX Warning: Reference `tab:transition_operator_ablation' on page 13 undefine
d on input line 314.

(./tables/table_transition_operator_ablation.tex
Underfull \hbox (badness 10000) in paragraph at lines 14--14
[]|\T1/ppl/m/n/9 (+20) Runtime
)

LaTeX Warning: Reference `tab:symbolic_baselines' on page 13 undefined on input
 line 318.

(./tables/table_symbolic_baselines.tex
Underfull \hbox (badness 10000) in paragraph at lines 14--14
[]|\T1/ppl/m/n/9 (+20) Avg.

Overfull \hbox (7.42676pt too wide) in paragraph at lines 14--14
[]|\T1/ppl/m/n/9 (-20) Coverage| 

Overfull \hbox (13.23003pt too wide) in paragraph at lines 14--14
[]|\T1/ppl/m/n/9 (-20) Abstention| 

Underfull \hbox (badness 10000) in paragraph at lines 14--14
[]|\T1/ppl/m/n/9 (+20) Cov.

Underfull \hbox (badness 10000) in paragraph at lines 14--14
[]|\T1/ppl/m/n/9 (+20) All

Overfull \hbox (1.0499pt too wide) in paragraph at lines 14--14
[]|\T1/ppl/m/n/9 (-20) Conflict| 
)

LaTeX Warning: Reference `LastPage' on page 13 undefined on input line 321.


Package fancyhdr Warning: \headheight is too small (12.0pt): 
(fancyhdr)                Make it at least 18.18796pt, for example:
(fancyhdr)                \setlength{\headheight}{18.18796pt}.
(fancyhdr)                You might also make \topmargin smaller:
(fancyhdr)                \addtolength{\topmargin}{-6.18796pt}.

[13]

LaTeX Warning: Reference `tab:local_xai_agreement' on page 14 undefined on inpu
t line 330.

(./tables/table_local_xai_agreement.tex
Underfull \hbox (badness 10000) in paragraph at lines 13--13
[]|\T1/ppl/m/n/9 (+20) Mean rule
)

LaTeX Warning: Reference `tab:cbm_tcav_baselines' on page 14 undefined on input
 line 336.

(./tables/table_cbm_tcav_baselines.tex
Underfull \hbox (badness 10000) in paragraph at lines 13--13
[]|\T1/ppl/m/n/9 (+20) Concept

Underfull \hbox (badness 10000) in paragraph at lines 13--13
[]|\T1/ppl/m/n/9 (+20) Score/Top-

Overfull \hbox (4.99496pt too wide) in paragraph at lines 13--13
[]|\T1/ppl/m/n/9 (-20) Overlap/Top-

Underfull \hbox (badness 10000) in paragraph at lines 13--13
[]|\T1/ppl/m/n/9 (+20) Macro-

Overfull \hbox (7.33443pt too wide) in paragraph at lines 13--13
\T1/ppl/m/n/9 (-20) F1/Sensitivity| 
)

LaTeX Warning: Reference `LastPage' on page 14 undefined on input line 340.


Package fancyhdr Warning: \headheight is too small (12.0pt): 
(fancyhdr)                Make it at least 18.18796pt, for example:
(fancyhdr)                \setlength{\headheight}{18.18796pt}.
(fancyhdr)                You might also make \topmargin smaller:
(fancyhdr)                \addtolength{\topmargin}{-6.18796pt}.

[14 <./figs/fig10_awa2_ablation_accuracy.pdf>]

LaTeX Warning: Reference `tab:protocol_b' on page 15 undefined on input line 34
2.

(./tables/table_protocol_b.tex)

LaTeX Warning: Reference `tab:synthetic_ground_truth' on page 15 undefined on i
nput line 354.


LaTeX Warning: Reference `tab:synthetic_noise' on page 15 undefined on input li
ne 354.


LaTeX Warning: Reference `fig:synthetic_degradation' on page 15 undefined on in
put line 354.


LaTeX Warning: Reference `fig:threshold_recovery' on page 15 undefined on input
 line 354.

(./tables/table_synthetic_ground_truth.tex) (./tables/table_synthetic_noise.tex

Underfull \hbox (badness 10000) in alignment at lines 17--17
[][][][][][][] 


LaTeX Warning: Reference `LastPage' on page 15 undefined on input line 19.


Package fancyhdr Warning: \headheight is too small (12.0pt): 
(fancyhdr)                Make it at least 18.18796pt, for example:
(fancyhdr)                \setlength{\headheight}{18.18796pt}.
(fancyhdr)                You might also make \topmargin smaller:
(fancyhdr)                \addtolength{\topmargin}{-6.18796pt}.

[15 <./figs/fig11_protocol_b_unseen_accuracy.pdf>])

LaTeX Warning: Reference `LastPage' on page 16 undefined on input line 371.


Package fancyhdr Warning: \headheight is too small (12.0pt): 
(fancyhdr)                Make it at least 18.18796pt, for example:
(fancyhdr)                \setlength{\headheight}{18.18796pt}.
(fancyhdr)                You might also make \topmargin smaller:
(fancyhdr)                \addtolength{\topmargin}{-6.18796pt}.

[16 <./figs/fig12_synthetic_degradation.pdf> <./figs/fig13_synthetic_threshold_
recovery.pdf>]

LaTeX Warning: Reference `fig:traces' on page 17 undefined on input line 373.


LaTeX Warning: Reference `fig:coverage_tradeoff' on page 17 undefined on input 
line 373.


LaTeX Warning: Reference `tab:rule_stability' on page 17 undefined on input lin
e 373.

(./tables/table_rule_stability.tex
Underfull \hbox (badness 10000) in paragraph at lines 16--16
[]|\T1/ppl/m/n/9 (+20) Rule con-sis-

Underfull \hbox (badness 10000) in paragraph at lines 16--16
[]|\T1/ppl/m/n/9 (+20) Coverage
)

LaTeX Warning: Reference `LastPage' on page 17 undefined on input line 394.


Package fancyhdr Warning: \headheight is too small (12.0pt): 
(fancyhdr)                Make it at least 18.18796pt, for example:
(fancyhdr)                \setlength{\headheight}{18.18796pt}.
(fancyhdr)                You might also make \topmargin smaller:
(fancyhdr)                \addtolength{\topmargin}{-6.18796pt}.

[17 <./figs/fig14_representative_rule_traces.pdf> <./figs/fig15_coverage_absten
tion_tradeoff.pdf>]

LaTeX Warning: Reference `LastPage' on page 18 undefined on input line 409.


Package fancyhdr Warning: \headheight is too small (12.0pt): 
(fancyhdr)                Make it at least 18.18796pt, for example:
(fancyhdr)                \setlength{\headheight}{18.18796pt}.
(fancyhdr)                You might also make \topmargin smaller:
(fancyhdr)                \addtolength{\topmargin}{-6.18796pt}.

[18 <./figs/fig16_rule_stability_noise.pdf>]

Package natbib Warning: Citation `AwA2Website' on page 19 undefined on input li
ne 425.

(./tables/table_abbreviations_variables.tex)

LaTeX Warning: Reference `LastPage' on page 19 undefined on input line 430.


Package fancyhdr Warning: \headheight is too small (12.0pt): 
(fancyhdr)                Make it at least 18.18796pt, for example:
(fancyhdr)                \setlength{\headheight}{18.18796pt}.
(fancyhdr)                You might also make \topmargin smaller:
(fancyhdr)                \addtolength{\topmargin}{-6.18796pt}.

[19]

LaTeX Warning: Reference `tab:feature_hyperparameters' on page 20 undefined on 
input line 438.


LaTeX Warning: Reference `tab:rule_stability' on page 20 undefined on input lin
e 448.


LaTeX Warning: Reference `fig:rule_stability' on page 20 undefined on input lin
e 448.



LaTeX Warning: Reference `LastPage' on page 20 undefined on input line 450.


Package fancyhdr Warning: \headheight is too small (12.0pt): 
(fancyhdr)                Make it at least 18.18796pt, for example:
(fancyhdr)                \setlength{\headheight}{18.18796pt}.
(fancyhdr)                You might also make \topmargin smaller:
(fancyhdr)                \addtolength{\topmargin}{-6.18796pt}.

[20]

Package natbib Warning: Citation `Arrieta2020XAI' undefined on input line 474.


Package natbib Warning: Citation `Guidotti2018Survey' undefined on input line 4
74.


Package natbib Warning: Citation `Longo2024XAI' undefined on input line 474.


Package natbib Warning: Citation `Samek2021Explaining' undefined on input line 
474.


Package natbib Warning: Citation `Molnar2022Interpretable' undefined on input l
ine 474.


Package natbib Warning: Citation `Guidotti2019LORE' undefined on input line 474
.


Package natbib Warning: Citation `Setzu2021GLocalX' undefined on input line 474
.


Package natbib Warning: Citation `Ming2018RuleMatrix' undefined on input line 4
74.


Package natbib Warning: Citation `Cortes1995SVM' undefined on input line 474.


Package natbib Warning: Citation `Tibshirani1996Lasso' undefined on input line 
474.


Package natbib Warning: Citation `Pedregosa2011ScikitLearn' undefined on input 
line 474.


Package natbib Warning: Citation `Harris2020Array' undefined on input line 474.



Package natbib Warning: Citation `McKinney2010Pandas' undefined on input line 4
74.


Package natbib Warning: Citation `Hunter2007Matplotlib' undefined on input line
 474.


Package natbib Warning: Citation `Lampert2009Attribute' undefined on input line
 474.


Package natbib Warning: Citation `Lampert2014Attribute' undefined on input line
 474.


Package natbib Warning: Citation `Ghorbani2019ACE' undefined on input line 474.


No file manuscript.bbl.

Package natbib Warning: There were undefined citations.



LaTeX Warning: Reference `LastPage' on page 21 undefined on input line 482.


Package fancyhdr Warning: \headheight is too small (12.0pt): 
(fancyhdr)                Make it at least 18.18796pt, for example:
(fancyhdr)                \setlength{\headheight}{18.18796pt}.
(fancyhdr)                You might also make \topmargin smaller:
(fancyhdr)                \addtolength{\topmargin}{-6.18796pt}.

[21] 
enddocument/afterlastpage (AED): lastpage setting LastPage.
(./manuscript.aux)

LaTeX Warning: There were undefined references.


LaTeX Warning: Label(s) may have changed. Rerun to get cross-references right.


Package rerunfilecheck Warning: File `manuscript.out' has changed.
(rerunfilecheck)                Rerun to get outlines right
(rerunfilecheck)                or use package `bookmark'.


Package lastpage Warning: Rerun to get the references right on input line 482.

 )
(see the transcript file for additional information)</usr/share/texlive/texmf-d
ist/fonts/type1/public/amsfonts/cm/cmex10.pfb></usr/share/texlive/texmf-dist/fo
nts/type1/public/amsfonts/cm/cmmi10.pfb></usr/share/texlive/texmf-dist/fonts/ty
pe1/public/amsfonts/cm/cmr10.pfb></usr/share/texlive/texmf-dist/fonts/type1/pub
lic/amsfonts/cm/cmsy10.pfb></usr/share/texlive/texmf-dist/fonts/type1/public/ma
thpazo/fplmb.pfb></usr/share/texlive/texmf-dist/fonts/type1/public/mathpazo/fpl
mr.pfb></usr/share/texlive/texmf-dist/fonts/type1/public/mathpazo/fplmri.pfb></
usr/share/texlive/texmf-dist/fonts/type1/public/amsfonts/symbols/msbm10.pfb></u
sr/share/texmf/fonts/type1/public/cm-super/sfss0800.pfb></usr/share/texmf/fonts
/type1/public/cm-super/sftt0900.pfb></usr/share/texmf/fonts/type1/public/cm-sup
er/sftt1000.pfb></usr/share/texlive/texmf-dist/fonts/type1/urw/palatino/uplb8a.
pfb></usr/share/texlive/texmf-dist/fonts/type1/urw/palatino/uplr8a.pfb></usr/sh
are/texlive/texmf-dist/fonts/type1/urw/palatino/uplri8a.pfb>
Output written on manuscript.pdf (21 pages, 477930 bytes).
Transcript written on manuscript.log.
