This is pdfTeX, Version 3.141592653-2.6-1.40.29 (MiKTeX 26.5) (preloaded format=pdflatex.fmt)
 restricted \write18 enabled.
entering extended mode
(supply.tex
LaTeX2e <2026-06-01>
L3 programming layer <2026-05-26>
(Definitions/mdpi.cls
Document Class: Definitions/mdpi 13/03/2026 MDPI paper class
(C:\Users\radiu\AppData\Local\Programs\MiKTeX\tex/latex/base\article.cls
Document Class: article 2025/01/22 v1.4n Standard LaTeX document class
(C:\Users\radiu\AppData\Local\Programs\MiKTeX\tex/latex/base\size10.clo))
(C:\Users\radiu\AppData\Local\Programs\MiKTeX\tex/latex/base\fontenc.sty)
(C:\Users\radiu\AppData\Local\Programs\MiKTeX\tex/latex/base\inputenc.sty)
(C:\Users\radiu\AppData\Local\Programs\MiKTeX\tex/latex/tools\calc.sty)
(C:\Users\radiu\AppData\Local\Programs\MiKTeX\tex/latex/tools\indentfirst.sty)
(C:\Users\radiu\AppData\Local\Programs\MiKTeX\tex/latex/fancyhdr\fancyhdr.sty)
(C:\Users\radiu\AppData\Local\Programs\MiKTeX\tex/latex/graphics\graphicx.sty
(C:\Users\radiu\AppData\Local\Programs\MiKTeX\tex/latex/graphics\keyval.sty)
(C:\Users\radiu\AppData\Local\Programs\MiKTeX\tex/latex/graphics\graphics.sty
(C:\Users\radiu\AppData\Local\Programs\MiKTeX\tex/latex/graphics\trig.sty)
(C:\Users\radiu\AppData\Local\Programs\MiKTeX\tex/latex/graphics-cfg\graphics.c
fg)
(C:\Users\radiu\AppData\Local\Programs\MiKTeX\tex/latex/graphics-def\pdftex.def
)))
(C:\Users\radiu\AppData\Local\Programs\MiKTeX\tex/latex/epstopdf-pkg\epstopdf.s
ty
(C:\Users\radiu\AppData\Local\Programs\MiKTeX\tex/generic/infwarerr\infwarerr.s
ty) (C:\Users\radiu\AppData\Local\Programs\MiKTeX\tex/latex/grfext\grfext.sty
(C:\Users\radiu\AppData\Local\Programs\MiKTeX\tex/generic/kvdefinekeys\kvdefine
keys.sty))
(C:\Users\radiu\AppData\Local\Programs\MiKTeX\tex/latex/kvoptions\kvoptions.sty
(C:\Users\radiu\AppData\Local\Programs\MiKTeX\tex/generic/ltxcmds\ltxcmds.sty)
(C:\Users\radiu\AppData\Local\Programs\MiKTeX\tex/latex/kvsetkeys\kvsetkeys.sty
))
(C:\Users\radiu\AppData\Local\Programs\MiKTeX\tex/generic/pdftexcmds\pdftexcmds
.sty (C:\Users\radiu\AppData\Local\Programs\MiKTeX\tex/generic/iftex\iftex.sty)
)
(C:\Users\radiu\AppData\Local\Programs\MiKTeX\tex/latex/epstopdf-pkg\epstopdf-b
ase.sty
(C:\Users\radiu\AppData\Local\Programs\MiKTeX\tex/latex/00miktex\epstopdf-sys.c
fg)))
(C:\Users\radiu\AppData\Local\Programs\MiKTeX\tex/latex/lastpage\lastpage.sty
(C:\Users\radiu\AppData\Local\Programs\MiKTeX\tex/latex/lastpage\lastpage2e.sty

(C:\Users\radiu\AppData\Local\Programs\MiKTeX\tex/latex/lastpage\lastpagemodern
.sty) 
)) (C:\Users\radiu\AppData\Local\Programs\MiKTeX\tex/latex/base\ifthen.sty)
(C:\Users\radiu\AppData\Local\Programs\MiKTeX\tex/latex/float\float.sty)
(C:\Users\radiu\AppData\Local\Programs\MiKTeX\tex/latex/amsmath\amsmath.sty
For additional information on amsmath, use the `?' option.
(C:\Users\radiu\AppData\Local\Programs\MiKTeX\tex/latex/amsmath\amstext.sty
(C:\Users\radiu\AppData\Local\Programs\MiKTeX\tex/latex/amsmath\amsgen.sty))
(C:\Users\radiu\AppData\Local\Programs\MiKTeX\tex/latex/amsmath\amsbsy.sty)
(C:\Users\radiu\AppData\Local\Programs\MiKTeX\tex/latex/amsmath\amsopn.sty))
(C:\Users\radiu\AppData\Local\Programs\MiKTeX\tex/latex/amsfonts\amssymb.sty
(C:\Users\radiu\AppData\Local\Programs\MiKTeX\tex/latex/amsfonts\amsfonts.sty))
 (C:\Users\radiu\AppData\Local\Programs\MiKTeX\tex/latex/lineno\lineno.sty
(C:\Users\radiu\AppData\Local\Programs\MiKTeX\tex/latex/etoolbox\etoolbox.sty))
 (C:\Users\radiu\AppData\Local\Programs\MiKTeX\tex/latex/setspace\setspace.sty)
 (C:\Users\radiu\AppData\Local\Programs\MiKTeX\tex/latex/enumitem\enumitem.sty)
 (C:\Users\radiu\AppData\Local\Programs\MiKTeX\tex/latex/psnfss\mathpazo.sty)
(C:\Users\radiu\AppData\Local\Programs\MiKTeX\tex/latex/booktabs\booktabs.sty)
(C:\Users\radiu\AppData\Local\Programs\MiKTeX\tex/latex/titlesec\titlesec.sty)
(C:\Users\radiu\AppData\Local\Programs\MiKTeX\tex/latex/tabto-ltx\tabto.sty)
(C:\Users\radiu\AppData\Local\Programs\MiKTeX\tex/latex/xcolor\xcolor.sty
(C:\Users\radiu\AppData\Local\Programs\MiKTeX\tex/latex/graphics-cfg\color.cfg)
(C:\Users\radiu\AppData\Local\Programs\MiKTeX\tex/latex/graphics\mathcolor.ltx)
) (C:\Users\radiu\AppData\Local\Programs\MiKTeX\tex/latex/colortbl\colortbl.sty
(C:\Users\radiu\AppData\Local\Programs\MiKTeX\tex/latex/tools\array.sty)
new hooks used!!
) (C:\Users\radiu\AppData\Local\Programs\MiKTeX\tex/generic/soul\soul.sty
(C:\Users\radiu\AppData\Local\Programs\MiKTeX\tex/generic/soul\soul-ori.sty)
(C:\Users\radiu\AppData\Local\Programs\MiKTeX\tex/generic/etexcmds\etexcmds.sty
))
(C:\Users\radiu\AppData\Local\Programs\MiKTeX\tex/latex/multirow\multirow.sty)
(C:\Users\radiu\AppData\Local\Programs\MiKTeX\tex/latex/microtype\microtype.sty

(C:\Users\radiu\AppData\Local\Programs\MiKTeX\tex/latex/microtype\microtype-pdf
tex.def)
(C:\Users\radiu\AppData\Local\Programs\MiKTeX\tex/latex/microtype\microtype.cfg
))
(C:\Users\radiu\AppData\Local\Programs\MiKTeX\tex/latex/pgf/frontendlayer\tikz.
sty
(C:\Users\radiu\AppData\Local\Programs\MiKTeX\tex/latex/pgf/basiclayer\pgf.sty
(C:\Users\radiu\AppData\Local\Programs\MiKTeX\tex/latex/pgf/utilities\pgfrcs.st
y
(C:\Users\radiu\AppData\Local\Programs\MiKTeX\tex/generic/pgf/utilities\pgfutil
-common.tex)
(C:\Users\radiu\AppData\Local\Programs\MiKTeX\tex/generic/pgf/utilities\pgfutil
-latex.def)
(C:\Users\radiu\AppData\Local\Programs\MiKTeX\tex/generic/pgf/utilities\pgfrcs.
code.tex
(C:\Users\radiu\AppData\Local\Programs\MiKTeX\tex/generic/pgf\pgf.revision.tex)
))
(C:\Users\radiu\AppData\Local\Programs\MiKTeX\tex/latex/pgf/basiclayer\pgfcore.
sty
(C:\Users\radiu\AppData\Local\Programs\MiKTeX\tex/latex/pgf/systemlayer\pgfsys.
sty
(C:\Users\radiu\AppData\Local\Programs\MiKTeX\tex/generic/pgf/systemlayer\pgfsy
s.code.tex
(C:\Users\radiu\AppData\Local\Programs\MiKTeX\tex/generic/pgf/utilities\pgfkeys
.code.tex
(C:\Users\radiu\AppData\Local\Programs\MiKTeX\tex/generic/pgf/utilities\pgfkeys
libraryfiltered.code.tex))
(C:\Users\radiu\AppData\Local\Programs\MiKTeX\tex/generic/pgf/systemlayer\pgf.c
fg)
(C:\Users\radiu\AppData\Local\Programs\MiKTeX\tex/generic/pgf/systemlayer\pgfsy
s-pdftex.def
(C:\Users\radiu\AppData\Local\Programs\MiKTeX\tex/generic/pgf/systemlayer\pgfsy
s-common-pdf.def)))
(C:\Users\radiu\AppData\Local\Programs\MiKTeX\tex/generic/pgf/systemlayer\pgfsy
ssoftpath.code.tex)
(C:\Users\radiu\AppData\Local\Programs\MiKTeX\tex/generic/pgf/systemlayer\pgfsy
sprotocol.code.tex))
(C:\Users\radiu\AppData\Local\Programs\MiKTeX\tex/generic/pgf/basiclayer\pgfcor
e.code.tex
(C:\Users\radiu\AppData\Local\Programs\MiKTeX\tex/generic/pgf/math\pgfmath.code
.tex
(C:\Users\radiu\AppData\Local\Programs\MiKTeX\tex/generic/pgf/math\pgfmathutil.
code.tex)
(C:\Users\radiu\AppData\Local\Programs\MiKTeX\tex/generic/pgf/math\pgfmathparse
r.code.tex)
(C:\Users\radiu\AppData\Local\Programs\MiKTeX\tex/generic/pgf/math\pgfmathfunct
ions.code.tex)
(C:\Users\radiu\AppData\Local\Programs\MiKTeX\tex/generic/pgf/math\pgfmathfunct
ions.basic.code.tex)
(C:\Users\radiu\AppData\Local\Programs\MiKTeX\tex/generic/pgf/math\pgfmathfunct
ions.trigonometric.code.tex)
(C:\Users\radiu\AppData\Local\Programs\MiKTeX\tex/generic/pgf/math\pgfmathfunct
ions.random.code.tex)
(C:\Users\radiu\AppData\Local\Programs\MiKTeX\tex/generic/pgf/math\pgfmathfunct
ions.comparison.code.tex)
(C:\Users\radiu\AppData\Local\Programs\MiKTeX\tex/generic/pgf/math\pgfmathfunct
ions.base.code.tex)
(C:\Users\radiu\AppData\Local\Programs\MiKTeX\tex/generic/pgf/math\pgfmathfunct
ions.round.code.tex)
(C:\Users\radiu\AppData\Local\Programs\MiKTeX\tex/generic/pgf/math\pgfmathfunct
ions.misc.code.tex)
(C:\Users\radiu\AppData\Local\Programs\MiKTeX\tex/generic/pgf/math\pgfmathfunct
ions.integerarithmetics.code.tex)
(C:\Users\radiu\AppData\Local\Programs\MiKTeX\tex/generic/pgf/math\pgfmathcalc.
code.tex)
(C:\Users\radiu\AppData\Local\Programs\MiKTeX\tex/generic/pgf/math\pgfmathfloat
.code.tex))
(C:\Users\radiu\AppData\Local\Programs\MiKTeX\tex/generic/pgf/math\pgfint.code.
tex)
(C:\Users\radiu\AppData\Local\Programs\MiKTeX\tex/generic/pgf/basiclayer\pgfcor
epoints.code.tex)
(C:\Users\radiu\AppData\Local\Programs\MiKTeX\tex/generic/pgf/basiclayer\pgfcor
epathconstruct.code.tex)
(C:\Users\radiu\AppData\Local\Programs\MiKTeX\tex/generic/pgf/basiclayer\pgfcor
epathusage.code.tex)
(C:\Users\radiu\AppData\Local\Programs\MiKTeX\tex/generic/pgf/basiclayer\pgfcor
escopes.code.tex)
(C:\Users\radiu\AppData\Local\Programs\MiKTeX\tex/generic/pgf/basiclayer\pgfcor
egraphicstate.code.tex)
(C:\Users\radiu\AppData\Local\Programs\MiKTeX\tex/generic/pgf/basiclayer\pgfcor
etransformations.code.tex)
(C:\Users\radiu\AppData\Local\Programs\MiKTeX\tex/generic/pgf/basiclayer\pgfcor
equick.code.tex)
(C:\Users\radiu\AppData\Local\Programs\MiKTeX\tex/generic/pgf/basiclayer\pgfcor
eobjects.code.tex)
(C:\Users\radiu\AppData\Local\Programs\MiKTeX\tex/generic/pgf/basiclayer\pgfcor
epathprocessing.code.tex)
(C:\Users\radiu\AppData\Local\Programs\MiKTeX\tex/generic/pgf/basiclayer\pgfcor
earrows.code.tex)
(C:\Users\radiu\AppData\Local\Programs\MiKTeX\tex/generic/pgf/basiclayer\pgfcor
eshade.code.tex)
(C:\Users\radiu\AppData\Local\Programs\MiKTeX\tex/generic/pgf/basiclayer\pgfcor
eimage.code.tex)
(C:\Users\radiu\AppData\Local\Programs\MiKTeX\tex/generic/pgf/basiclayer\pgfcor
eexternal.code.tex)
(C:\Users\radiu\AppData\Local\Programs\MiKTeX\tex/generic/pgf/basiclayer\pgfcor
elayers.code.tex)
(C:\Users\radiu\AppData\Local\Programs\MiKTeX\tex/generic/pgf/basiclayer\pgfcor
etransparency.code.tex)
(C:\Users\radiu\AppData\Local\Programs\MiKTeX\tex/generic/pgf/basiclayer\pgfcor
epatterns.code.tex)
(C:\Users\radiu\AppData\Local\Programs\MiKTeX\tex/generic/pgf/basiclayer\pgfcor
erdf.code.tex)))
(C:\Users\radiu\AppData\Local\Programs\MiKTeX\tex/generic/pgf/modules\pgfmodule
shapes.code.tex)
(C:\Users\radiu\AppData\Local\Programs\MiKTeX\tex/generic/pgf/modules\pgfmodule
plot.code.tex)
(C:\Users\radiu\AppData\Local\Programs\MiKTeX\tex/latex/pgf/compatibility\pgfco
mp-version-0-65.sty)
(C:\Users\radiu\AppData\Local\Programs\MiKTeX\tex/latex/pgf/compatibility\pgfco
mp-version-1-18.sty))
(C:\Users\radiu\AppData\Local\Programs\MiKTeX\tex/latex/pgf/utilities\pgffor.st
y
(C:\Users\radiu\AppData\Local\Programs\MiKTeX\tex/latex/pgf/utilities\pgfkeys.s
ty
(C:\Users\radiu\AppData\Local\Programs\MiKTeX\tex/generic/pgf/utilities\pgfkeys
.code.tex))
(C:\Users\radiu\AppData\Local\Programs\MiKTeX\tex/latex/pgf/math\pgfmath.sty
(C:\Users\radiu\AppData\Local\Programs\MiKTeX\tex/generic/pgf/math\pgfmath.code
.tex))
(C:\Users\radiu\AppData\Local\Programs\MiKTeX\tex/generic/pgf/utilities\pgffor.
code.tex))
(C:\Users\radiu\AppData\Local\Programs\MiKTeX\tex/generic/pgf/frontendlayer/tik
z\tikz.code.tex
(C:\Users\radiu\AppData\Local\Programs\MiKTeX\tex/generic/pgf/libraries\pgflibr
aryplothandlers.code.tex)
(C:\Users\radiu\AppData\Local\Programs\MiKTeX\tex/generic/pgf/modules\pgfmodule
matrix.code.tex)
(C:\Users\radiu\AppData\Local\Programs\MiKTeX\tex/generic/pgf/frontendlayer/tik
z/libraries\tikzlibrarytopaths.code.tex)))
(C:\Users\radiu\AppData\Local\Programs\MiKTeX\tex/latex/refcount\refcount.sty)
(C:\Users\radiu\AppData\Local\Programs\MiKTeX\tex/latex/changepage\changepage.s
ty)
(C:\Users\radiu\AppData\Local\Programs\MiKTeX\tex/latex/frankenstein\attrib.sty

(C:\Users\radiu\AppData\Local\Programs\MiKTeX\tex/latex/frankenstein\moredefs.s
ty)) (C:\Users\radiu\AppData\Local\Programs\MiKTeX\tex/latex/was\upgreek.sty)
(C:\Users\radiu\AppData\Local\Programs\MiKTeX\tex/latex/tools\tabularx.sty)
(C:\Users\radiu\AppData\Local\Programs\MiKTeX\tex/latex/pbox\pbox.sty)
(C:\Users\radiu\AppData\Local\Programs\MiKTeX\tex/latex/ragged2e\ragged2e.sty)
(C:\Users\radiu\AppData\Local\Programs\MiKTeX\tex/latex/tocloft\tocloft.sty)
(C:\Users\radiu\AppData\Local\Programs\MiKTeX\tex/latex/marginnote\marginnote.s
ty)
(C:\Users\radiu\AppData\Local\Programs\MiKTeX\tex/latex/marginfix\marginfix.sty
)
==> First Aid for marginfix.sty applied!
(C:\Users\radiu\AppData\Local\Programs\MiKTeX\tex/latex/enotez\enotez.sty
(C:\Users\radiu\AppData\Local\Programs\MiKTeX\tex/latex/l3kernel\expl3.sty
(C:\Users\radiu\AppData\Local\Programs\MiKTeX\tex/latex/l3backend\l3backend-pdf
tex.def))
(C:\Users\radiu\AppData\Local\Programs\MiKTeX\tex/latex/l3packages/xparse\xpars
e.sty)
(C:\Users\radiu\AppData\Local\Programs\MiKTeX\tex/latex/l3packages/l3keys2e\l3k
eys2e.sty)
(C:\Users\radiu\AppData\Local\Programs\MiKTeX\tex/latex/l3packages/xtemplate\xt
emplate.sty)
(C:\Users\radiu\AppData\Local\Programs\MiKTeX\tex/latex/translations\translatio
ns.sty))
(C:\Users\radiu\AppData\Local\Programs\MiKTeX\tex/latex/xstring\xstring.sty
(C:\Users\radiu\AppData\Local\Programs\MiKTeX\tex/generic/xstring\xstring.tex))
 (C:\Users\radiu\AppData\Local\Programs\MiKTeX\tex/latex/subfig\subfig.sty
(C:\Users\radiu\AppData\Local\Programs\MiKTeX\tex/latex/caption\caption.sty
(C:\Users\radiu\AppData\Local\Programs\MiKTeX\tex/latex/caption\caption3.sty)))

(C:\Users\radiu\AppData\Local\Programs\MiKTeX\tex/generic/alphalph\alphalph.sty
(C:\Users\radiu\AppData\Local\Programs\MiKTeX\tex/generic/intcalc\intcalc.sty))
 (Definitions/journalnames.tex)
(C:\Users\radiu\AppData\Local\Programs\MiKTeX\tex/latex/amscls\amsthm.sty)
(C:\Users\radiu\AppData\Local\Programs\MiKTeX\tex/latex/natbib\natbib.sty)
(C:\Users\radiu\AppData\Local\Programs\MiKTeX\tex/latex/koma-script\scrextend.s
ty
(C:\Users\radiu\AppData\Local\Programs\MiKTeX\tex/latex/koma-script\scrkbase.st
y
(C:\Users\radiu\AppData\Local\Programs\MiKTeX\tex/latex/koma-script\scrbase.sty

(C:\Users\radiu\AppData\Local\Programs\MiKTeX\tex/latex/koma-script\scrlfile.st
y
(C:\Users\radiu\AppData\Local\Programs\MiKTeX\tex/latex/koma-script\scrlfile-ho
ok.sty
(C:\Users\radiu\AppData\Local\Programs\MiKTeX\tex/latex/koma-script\scrlogo.sty
))))))
(C:\Users\radiu\AppData\Local\Programs\MiKTeX\tex/latex/geometry\geometry.sty
(C:\Users\radiu\AppData\Local\Programs\MiKTeX\tex/generic/iftex\ifvtex.sty)
(C:\Users\radiu\AppData\Local\Programs\MiKTeX\tex/latex/geometry\geometry.cfg))
(C:\Users\radiu\AppData\Local\Programs\MiKTeX\tex/latex/newfloat\newfloat.sty)
(C:\Users\radiu\AppData\Local\Programs\MiKTeX\tex/latex/seqsplit\seqsplit.sty))
 (C:\Users\radiu\AppData\Local\Programs\MiKTeX\tex/latex/url\url.sty)
(C:\Users\radiu\AppData\Local\Programs\MiKTeX\tex/latex/siunitx\siunitx.sty)
(C:\Users\radiu\AppData\Local\Programs\MiKTeX\tex/latex/hyperref\hyperref.sty
(C:\Users\radiu\AppData\Local\Programs\MiKTeX\tex/generic/pdfescape\pdfescape.s
ty) (C:\Users\radiu\AppData\Local\Programs\MiKTeX\tex/latex/hycolor\hycolor.sty
) (C:\Users\radiu\AppData\Local\Programs\MiKTeX\tex/latex/hyperref\nameref.sty
(C:\Users\radiu\AppData\Local\Programs\MiKTeX\tex/generic/gettitlestring\gettit
lestring.sty))
(C:\Users\radiu\AppData\Local\Programs\MiKTeX\tex/generic/stringenc\stringenc.s
ty) (C:\Users\radiu\AppData\Local\Programs\MiKTeX\tex/latex/hyperref\pd1enc.def
) (C:\Users\radiu\AppData\Local\Programs\MiKTeX\tex/latex/hyperref\puenc.def)
(C:\Users\radiu\AppData\Local\Programs\MiKTeX\tex/generic/bitset\bitset.sty
(C:\Users\radiu\AppData\Local\Programs\MiKTeX\tex/generic/bigintcalc\bigintcalc
.sty)))
(C:\Users\radiu\AppData\Local\Programs\MiKTeX\tex/latex/hyperref\hpdftex.def
(C:\Users\radiu\AppData\Local\Programs\MiKTeX\tex/latex/rerunfilecheck\rerunfil
echeck.sty
(C:\Users\radiu\AppData\Local\Programs\MiKTeX\tex/generic/uniquecounter\uniquec
ounter.sty)))
(C:\Users\radiu\AppData\Local\Programs\MiKTeX\tex/latex/cleveref\cleveref.sty)
==> First Aid for cleveref.sty applied!
(C:\Users\radiu\AppData\Local\Programs\MiKTeX\tex/latex/psnfss\t1ppl.fd)
(supply.aux)
(C:\Users\radiu\AppData\Local\Programs\MiKTeX\tex/context/base/mkii\supp-pdf.mk
ii
[Loading MPS to PDF converter (version 2006.09.02).]
) (C:\Users\radiu\AppData\Local\Programs\MiKTeX\tex/latex/microtype\mt-ppl.cfg)

(C:\Users\radiu\AppData\Local\Programs\MiKTeX\tex/latex/translations/dicts\tran
slations-basic-dictionary-english.trsl)
*geometry* detected driver: pdftex
(supply.out) (supply.out)
(C:\Users\radiu\AppData\Local\Programs\MiKTeX\tex/latex/psnfss\ot1ppl.fd)
(C:\Users\radiu\AppData\Local\Programs\MiKTeX\tex/latex/psnfss\omlzplm.fd)
(C:\Users\radiu\AppData\Local\Programs\MiKTeX\tex/latex/psnfss\omszplm.fd)
(C:\Users\radiu\AppData\Local\Programs\MiKTeX\tex/latex/psnfss\omxzplm.fd)
(C:\Users\radiu\AppData\Local\Programs\MiKTeX\tex/latex/microtype\mt-msa.cfg)
(C:\Users\radiu\AppData\Local\Programs\MiKTeX\tex/latex/microtype\mt-msb.cfg)
(C:\Users\radiu\AppData\Local\Programs\MiKTeX\tex/latex/psnfss\ot1zplm.fd)
(C:\Users\radiu\AppData\Local\Programs\MiKTeX\tex/latex/microtype\mt-eur.cfg)

Package fancyhdr Warning: \headheight is too small (12.0pt): 
(fancyhdr)                Make it at least 18.13795pt, for example:
(fancyhdr)                \setlength{\headheight}{18.13795pt}.
(fancyhdr)                You might also make \topmargin smaller:
(fancyhdr)                \addtolength{\topmargin}{-6.13795pt}.

[1{C:/Users/radiu/AppData/Local/MiKTeX/fonts/map/pdftex/pdftex.map}{C:/Users/ra
diu/AppData/Local/Programs/MiKTeX/fonts/enc/dvips/base/8r.enc}]
Underfull \hbox (badness 10000) in alignment at lines 126--126
[][][][][][] 

Package fancyhdr Warning: \headheight is too small (12.0pt): 
(fancyhdr)                Make it at least 18.18796pt, for example:
(fancyhdr)                \setlength{\headheight}{18.18796pt}.
(fancyhdr)                You might also make \topmargin smaller:
(fancyhdr)                \addtolength{\topmargin}{-6.18796pt}.

[2 <../figs_main/fig26_a_object_level_audit_outcomes.pdf> <../figs_main/fig26_b
_conflict_abstention_limits.pdf> <../figs_main/fig26_c_object_level_bootstrap_i
ntervals.pdf>]

Package fancyhdr Warning: \headheight is too small (12.0pt): 
(fancyhdr)                Make it at least 18.18796pt, for example:
(fancyhdr)                \setlength{\headheight}{18.18796pt}.
(fancyhdr)                You might also make \topmargin smaller:
(fancyhdr)                \addtolength{\topmargin}{-6.18796pt}.

[3 <../figs_main/fig32_b_sun_coverage_conflict_map.pdf>]

Package fancyhdr Warning: \headheight is too small (12.0pt): 
(fancyhdr)                Make it at least 18.18796pt, for example:
(fancyhdr)                \setlength{\headheight}{18.18796pt}.
(fancyhdr)                You might also make \topmargin smaller:
(fancyhdr)                \addtolength{\topmargin}{-6.18796pt}.

[4 <../figs_main/fig33_a_derm7pt_diagnosis_diagnostics.pdf>]

Package fancyhdr Warning: \headheight is too small (12.0pt): 
(fancyhdr)                Make it at least 18.18796pt, for example:
(fancyhdr)                \setlength{\headheight}{18.18796pt}.
(fancyhdr)                You might also make \topmargin smaller:
(fancyhdr)                \addtolength{\topmargin}{-6.18796pt}.

[5 <../figs_main/fig27_a_coverage_by_discretizer.pdf> <../figs_main/fig27_b_acc
uracy_by_discretizer.pdf> <../figs_main/fig27_c_fidelity_by_discretizer.pdf> <.
./figs_main/fig27_d_conflict_by_discretizer.pdf> <../figs_main/fig27_e_paired_w
edd_mdlp_intervals.pdf>]

Package fancyhdr Warning: \headheight is too small (12.0pt): 
(fancyhdr)                Make it at least 18.18796pt, for example:
(fancyhdr)                \setlength{\headheight}{18.18796pt}.
(fancyhdr)                You might also make \topmargin smaller:
(fancyhdr)                \addtolength{\topmargin}{-6.18796pt}.

[6 <../figs_main/fig28_a_q_sensitivity.pdf> <../figs_main/fig28_b_svd_rank_sens
itivity.pdf> <../figs_main/fig28_c_confidence_threshold_frontier.pdf> <../figs_
main/fig28_d_runtime_summary.pdf>]

Package fancyhdr Warning: \headheight is too small (12.0pt): 
(fancyhdr)                Make it at least 18.18796pt, for example:
(fancyhdr)                \setlength{\headheight}{18.18796pt}.
(fancyhdr)                You might also make \topmargin smaller:
(fancyhdr)                \addtolength{\topmargin}{-6.18796pt}.

[7 <../figs_main/fig29_a_protocol_b_seed_metrics.pdf> <../figs_main/fig29_b_tra
nsfer_accuracy_vs_mae.pdf> <../figs_main/fig29_c_per_class_protocol_b_failures.
pdf>]

Package fancyhdr Warning: \headheight is too small (12.0pt): 
(fancyhdr)                Make it at least 18.18796pt, for example:
(fancyhdr)                \setlength{\headheight}{18.18796pt}.
(fancyhdr)                You might also make \topmargin smaller:
(fancyhdr)                \addtolength{\topmargin}{-6.18796pt}.

[8 <../figs_main/fig31_a_portability_coverage_fidelity.pdf>] (supply.bbl

Package fancyhdr Warning: \headheight is too small (12.0pt): 
(fancyhdr)                Make it at least 18.18796pt, for example:
(fancyhdr)                \setlength{\headheight}{18.18796pt}.
(fancyhdr)                You might also make \topmargin smaller:
(fancyhdr)                \addtolength{\topmargin}{-6.18796pt}.

[9])

Package fancyhdr Warning: \headheight is too small (12.0pt): 
(fancyhdr)                Make it at least 18.18796pt, for example:
(fancyhdr)                \setlength{\headheight}{18.18796pt}.
(fancyhdr)                You might also make \topmargin smaller:
(fancyhdr)                \addtolength{\topmargin}{-6.18796pt}.

[10] 
enddocument/afterlastpage (AED): lastpage setting LastPage.
(supply.aux) )
(see the transcript file for additional information) <C:\Users\radiu\AppData\Lo
cal\MiKTeX\fonts/pk/ljfour/jknappen/ec/dpi375\ecss0800.pk><C:/Users/radiu/AppDa
ta/Local/Programs/MiKTeX/fonts/type1/public/amsfonts/cm/cmsy10.pfb><C:/Users/ra
diu/AppData/Local/Programs/MiKTeX/fonts/type1/urw/palatino/uplb8a.pfb><C:/Users
/radiu/AppData/Local/Programs/MiKTeX/fonts/type1/urw/palatino/uplr8a.pfb><C:/Us
ers/radiu/AppData/Local/Programs/MiKTeX/fonts/type1/urw/palatino/uplri8a.pfb>
Output written on supply.pdf (10 pages, 621112 bytes).
Transcript written on supply.log.
